autoware_zenoh_bridge-1    | [2m2025-08-17T14:50:26.108993Z[0m [32m INFO[0m tokio-runtime-worker ThreadId(03) [2mzenoh_plugin_ros2dds[0m[2m:[0m Node /simulation/concealer_user declares Subscriber /api/operation_mode/state: autoware_adapi_v1_msgs/msg/OperationModeState - Allowed
autoware_zenoh_bridge-1    | [2m2025-08-17T14:50:26.109073Z[0m [32m INFO[0m tokio-runtime-worker ThreadId(03) [2mzenoh_plugin_ros2dds::routes_mgr[0m[2m:[0m Route Subscriber (Zenoh:api/operation_mode/state -> ROS:/api/operation_mode/state) created
visualizer_zenoh_bridge-1  | [2m2025-08-17T14:50:26.109089Z[0m [32m INFO[0m tokio-runtime-worker ThreadId(18) [2mzenoh_plugin_ros2dds[0m[2m:[0m Remote bridge e89ce47b3dcd51f5471cd3ad1b627254 announces Subscriber api/localization/initialization_state - Allowed
autoware_zenoh_bridge-1    | [2m2025-08-17T14:50:26.109151Z[0m [32m INFO[0m tokio-runtime-worker ThreadId(03) [2mzenoh_plugin_ros2dds[0m[2m:[0m Node /simulation/concealer_user declares Publisher /parameter_events: rcl_interfaces/msg/ParameterEvent - Allowed
autoware_zenoh_bridge-1    | [2m2025-08-17T14:50:26.109187Z[0m [32m INFO[0m tokio-runtime-worker ThreadId(03) [2mzenoh_plugin_ros2dds[0m[2m:[0m Node /simulation/concealer_user declares Service Client /api/localization/initialize: autoware_adapi_v1_msgs/srv/InitializeLocalization - Allowed
autoware_zenoh_bridge-1    | [2m2025-08-17T14:50:26.109219Z[0m [32m INFO[0m tokio-runtime-worker ThreadId(03) [2mzenoh_plugin_ros2dds::routes_mgr[0m[2m:[0m Route Service Client (ROS:/api/localization/initialize <-> Zenoh:api/localization/initialize) created
visualizer_zenoh_bridge-1  | [2m2025-08-17T14:50:26.109217Z[0m [32m INFO[0m tokio-runtime-worker ThreadId(18) [2mzenoh_plugin_ros2dds::routes_mgr[0m[2m:[0m Route Publisher (ROS:/api/localization/initialization_state -> Zenoh:api/localization/initialization_state) created
visualizer_zenoh_bridge-1  | [2m2025-08-17T14:50:26.109238Z[0m [32m INFO[0m tokio-runtime-worker ThreadId(18) [2mzenoh_plugin_ros2dds[0m[2m:[0m Remote bridge e89ce47b3dcd51f5471cd3ad1b627254 announces Subscriber api/operation_mode/state - Allowed
visualizer_zenoh_bridge-1  | [2m2025-08-17T14:50:26.109286Z[0m [32m INFO[0m tokio-runtime-worker ThreadId(18) [2mzenoh_plugin_ros2dds::routes_mgr[0m[2m:[0m Route Publisher (ROS:/api/operation_mode/state -> Zenoh:api/operation_mode/state) created
autoware_zenoh_bridge-1    | [2m2025-08-17T14:50:26.109316Z[0m [32m INFO[0m tokio-runtime-worker ThreadId(03) [2mzenoh_plugin_ros2dds[0m[2m:[0m Node /simulation/concealer_user declares Service Client /api/routing/clear_route: autoware_adapi_v1_msgs/srv/ClearRoute - Allowed
visualizer_zenoh_bridge-1  | [2m2025-08-17T14:50:26.109327Z[0m [32m INFO[0m tokio-runtime-worker ThreadId(18) [2mzenoh_plugin_ros2dds[0m[2m:[0m Remote bridge e89ce47b3dcd51f5471cd3ad1b627254 announces Service Client api/localization/initialize - Allowed
autoware_zenoh_bridge-1    | [2m2025-08-17T14:50:26.109344Z[0m [32m INFO[0m tokio-runtime-worker ThreadId(03) [2mzenoh_plugin_ros2dds::routes_mgr[0m[2m:[0m Route Service Client (ROS:/api/routing/clear_route <-> Zenoh:api/routing/clear_route) created
autoware_zenoh_bridge-1    | [2m2025-08-17T14:50:26.109376Z[0m [32m INFO[0m tokio-runtime-worker ThreadId(03) [2mzenoh_plugin_ros2dds[0m[2m:[0m Node /simulation/concealer_user declares Publisher /rosout: rcl_interfaces/msg/Log - Allowed
autoware_zenoh_bridge-1    | [2m2025-08-17T14:50:26.109391Z[0m [32m INFO[0m tokio-runtime-worker ThreadId(03) [2mzenoh_plugin_ros2dds[0m[2m:[0m Node /simulation/concealer_user declares Service Server /simulation/concealer_user/describe_parameters: rcl_interfaces/srv/DescribeParameters - Allowed
visualizer_zenoh_bridge-1  | [2m2025-08-17T14:50:26.109401Z[0m [32m INFO[0m tokio-runtime-worker ThreadId(18) [2mzenoh_plugin_ros2dds::routes_mgr[0m[2m:[0m Route Service Server (ROS:/api/localization/initialize <-> Zenoh:api/localization/initialize) created
visualizer_zenoh_bridge-1  | [2m2025-08-17T14:50:26.109449Z[0m [32m INFO[0m tokio-runtime-worker ThreadId(18) [2mzenoh_plugin_ros2dds[0m[2m:[0m Remote bridge e89ce47b3dcd51f5471cd3ad1b627254 announces Service Client api/routing/clear_route - Allowed
autoware_zenoh_bridge-1    | [2m2025-08-17T14:50:26.109496Z[0m [32m INFO[0m tokio-runtime-worker ThreadId(03) [2mzenoh_plugin_ros2dds::routes_mgr[0m[2m:[0m Route Service Server (ROS:/simulation/concealer_user/describe_parameters <-> Zenoh:simulation/concealer_user/describe_parameters) created
visualizer_zenoh_bridge-1  | [2m2025-08-17T14:50:26.109514Z[0m [32m INFO[0m tokio-runtime-worker ThreadId(18) [2mzenoh_plugin_ros2dds::routes_mgr[0m[2m:[0m Route Service Server (ROS:/api/routing/clear_route <-> Zenoh:api/routing/clear_route) created
autoware_zenoh_bridge-1    | [2m2025-08-17T14:50:26.109580Z[0m [32m INFO[0m tokio-runtime-worker ThreadId(03) [2mzenoh_plugin_ros2dds[0m[2m:[0m Node /simulation/concealer_user declares Service Server /simulation/concealer_user/set_parameters: rcl_interfaces/srv/SetParameters - Allowed
visualizer_zenoh_bridge-1  | [2m2025-08-17T14:50:26.109666Z[0m [32m INFO[0m tokio-runtime-worker ThreadId(18) [2mzenoh_plugin_ros2dds[0m[2m:[0m Remote bridge e89ce47b3dcd51f5471cd3ad1b627254 announces Service Server simulation/concealer_user/describe_parameters - Allowed
autoware_zenoh_bridge-1    | [2m2025-08-17T14:50:26.109694Z[0m [32m INFO[0m tokio-runtime-worker ThreadId(03) [2mzenoh_plugin_ros2dds::routes_mgr[0m[2m:[0m Route Service Server (ROS:/simulation/concealer_user/set_parameters <-> Zenoh:simulation/concealer_user/set_parameters) created
autoware_zenoh_bridge-1    | [2m2025-08-17T14:50:26.109767Z[0m [32m INFO[0m tokio-runtime-worker ThreadId(03) [2mzenoh_plugin_ros2dds[0m[2m:[0m Node /simulation/concealer_user declares Service Server /simulation/concealer_user/get_parameter_types: rcl_interfaces/srv/GetParameterTypes - Allowed
visualizer_zenoh_bridge-1  | [2m2025-08-17T14:50:26.109777Z[0m [32m INFO[0m tokio-runtime-worker ThreadId(18) [2mzenoh_plugin_ros2dds::routes_mgr[0m[2m:[0m Route Service Client (ROS:/simulation/concealer_user/describe_parameters <-> Zenoh:simulation/concealer_user/describe_parameters) created
visualizer_zenoh_bridge-1  | [2m2025-08-17T14:50:26.109853Z[0m [32m INFO[0m tokio-runtime-worker ThreadId(18) [2mzenoh_plugin_ros2dds[0m[2m:[0m Remote bridge e89ce47b3dcd51f5471cd3ad1b627254 announces Service Server simulation/concealer_user/set_parameters - Allowed
autoware_zenoh_bridge-1    | [2m2025-08-17T14:50:26.109879Z[0m [32m INFO[0m tokio-runtime-worker ThreadId(03) [2mzenoh_plugin_ros2dds::routes_mgr[0m[2m:[0m Route Service Server (ROS:/simulation/concealer_user/get_parameter_types <-> Zenoh:simulation/concealer_user/get_parameter_types) created
autoware_zenoh_bridge-1    | [2m2025-08-17T14:50:26.109983Z[0m [32m INFO[0m tokio-runtime-worker ThreadId(03) [2mzenoh_plugin_ros2dds[0m[2m:[0m Node /simulation/concealer_user declares Service Client /api/operation_mode/enable_autoware_control: autoware_adapi_v1_msgs/srv/ChangeOperationMode - Allowed
visualizer_zenoh_bridge-1  | [2m2025-08-17T14:50:26.109994Z[0m [32m INFO[0m tokio-runtime-worker ThreadId(18) [2mzenoh_plugin_ros2dds::routes_mgr[0m[2m:[0m Route Service Client (ROS:/simulation/concealer_user/set_parameters <-> Zenoh:simulation/concealer_user/set_parameters) created
autoware_zenoh_bridge-1    | [2m2025-08-17T14:50:26.110007Z[0m [32m INFO[0m tokio-runtime-worker ThreadId(03) [2mzenoh_plugin_ros2dds::routes_mgr[0m[2m:[0m Route Service Client (ROS:/api/operation_mode/enable_autoware_control <-> Zenoh:api/operation_mode/enable_autoware_control) created
autoware_zenoh_bridge-1    | [2m2025-08-17T14:50:26.110040Z[0m [32m INFO[0m tokio-runtime-worker ThreadId(03) [2mzenoh_plugin_ros2dds[0m[2m:[0m Node /simulation/concealer_user declares Service Server /simulation/concealer_user/list_parameters: rcl_interfaces/srv/ListParameters - Allowed
visualizer_zenoh_bridge-1  | [2m2025-08-17T14:50:26.110046Z[0m [32m INFO[0m tokio-runtime-worker ThreadId(18) [2mzenoh_plugin_ros2dds[0m[2m:[0m Remote bridge e89ce47b3dcd51f5471cd3ad1b627254 announces Service Server simulation/concealer_user/get_parameter_types - Allowed
autoware_zenoh_bridge-1    | [2m2025-08-17T14:50:26.110129Z[0m [32m INFO[0m tokio-runtime-worker ThreadId(03) [2mzenoh_plugin_ros2dds::routes_mgr[0m[2m:[0m Route Service Server (ROS:/simulation/concealer_user/list_parameters <-> Zenoh:simulation/concealer_user/list_parameters) created
visualizer_zenoh_bridge-1  | [2m2025-08-17T14:50:26.110187Z[0m [32m INFO[0m tokio-runtime-worker ThreadId(18) [2mzenoh_plugin_ros2dds::routes_mgr[0m[2m:[0m Route Service Client (ROS:/simulation/concealer_user/get_parameter_types <-> Zenoh:simulation/concealer_user/get_parameter_types) created
autoware_zenoh_bridge-1    | [2m2025-08-17T14:50:26.110200Z[0m [32m INFO[0m tokio-runtime-worker ThreadId(03) [2mzenoh_plugin_ros2dds[0m[2m:[0m Node /simulation/concealer_user declares Service Server /simulation/concealer_user/get_parameters: rcl_interfaces/srv/GetParameters - Allowed
visualizer_zenoh_bridge-1  | [2m2025-08-17T14:50:26.110252Z[0m [32m INFO[0m tokio-runtime-worker ThreadId(18) [2mzenoh_plugin_ros2dds[0m[2m:[0m Remote bridge e89ce47b3dcd51f5471cd3ad1b627254 announces Service Client api/operation_mode/enable_autoware_control - Allowed
autoware_zenoh_bridge-1    | [2m2025-08-17T14:50:26.110297Z[0m [32m INFO[0m tokio-runtime-worker ThreadId(03) [2mzenoh_plugin_ros2dds::routes_mgr[0m[2m:[0m Route Service Server (ROS:/simulation/concealer_user/get_parameters <-> Zenoh:simulation/concealer_user/get_parameters) created
visualizer_zenoh_bridge-1  | [2m2025-08-17T14:50:26.110352Z[0m [32m INFO[0m tokio-runtime-worker ThreadId(18) [2mzenoh_plugin_ros2dds::routes_mgr[0m[2m:[0m Route Service Server (ROS:/api/operation_mode/enable_autoware_control <-> Zenoh:api/operation_mode/enable_autoware_control) created
visualizer_zenoh_bridge-1  | [2m2025-08-17T14:50:26.110370Z[0m [32m INFO[0m tokio-runtime-worker ThreadId(18) [2mzenoh_plugin_ros2dds[0m[2m:[0m Remote bridge e89ce47b3dcd51f5471cd3ad1b627254 announces Service Server simulation/concealer_user/list_parameters - Allowed
autoware_zenoh_bridge-1    | [2m2025-08-17T14:50:26.110382Z[0m [32m INFO[0m tokio-runtime-worker ThreadId(03) [2mzenoh_plugin_ros2dds[0m[2m:[0m Node /simulation/concealer_user declares Service Server /simulation/concealer_user/set_parameters_atomically: rcl_interfaces/srv/SetParametersAtomically - Allowed
autoware_zenoh_bridge-1    | [2m2025-08-17T14:50:26.110472Z[0m [32m INFO[0m tokio-runtime-worker ThreadId(03) [2mzenoh_plugin_ros2dds::routes_mgr[0m[2m:[0m Route Service Server (ROS:/simulation/concealer_user/set_parameters_atomically <-> Zenoh:simulation/concealer_user/set_parameters_atomically) created
visualizer_zenoh_bridge-1  | [2m2025-08-17T14:50:26.110543Z[0m [32m INFO[0m tokio-runtime-worker ThreadId(18) [2mzenoh_plugin_ros2dds::routes_mgr[0m[2m:[0m Route Service Client (ROS:/simulation/concealer_user/list_parameters <-> Zenoh:simulation/concealer_user/list_parameters) created
visualizer_zenoh_bridge-1  | [2m2025-08-17T14:50:26.110559Z[0m [32m INFO[0m tokio-runtime-worker ThreadId(18) [2mzenoh_plugin_ros2dds[0m[2m:[0m Remote bridge e89ce47b3dcd51f5471cd3ad1b627254 announces Service Server simulation/concealer_user/get_parameters - Allowed
visualizer_zenoh_bridge-1  | [2m2025-08-17T14:50:26.110670Z[0m [32m INFO[0m tokio-runtime-worker ThreadId(18) [2mzenoh_plugin_ros2dds::routes_mgr[0m[2m:[0m Route Service Client (ROS:/simulation/concealer_user/get_parameters <-> Zenoh:simulation/concealer_user/get_parameters) created
visualizer_zenoh_bridge-1  | [2m2025-08-17T14:50:26.110686Z[0m [32m INFO[0m tokio-runtime-worker ThreadId(18) [2mzenoh_plugin_ros2dds[0m[2m:[0m Remote bridge e89ce47b3dcd51f5471cd3ad1b627254 announces Service Server simulation/concealer_user/set_parameters_atomically - Allowed
visualizer_zenoh_bridge-1  | [2m2025-08-17T14:50:26.110813Z[0m [32m INFO[0m tokio-runtime-worker ThreadId(18) [2mzenoh_plugin_ros2dds::routes_mgr[0m[2m:[0m Route Service Client (ROS:/simulation/concealer_user/set_parameters_atomically <-> Zenoh:simulation/concealer_user/set_parameters_atomically) created
visualizer-1               | Starting NoVNC...
scenario_simulator-1       | [openscenario_interpreter_node-3] [WARN] [1755442226.626970404] [simulation.openscenario_interpreter]: Your machine is not powerful enough to run the scenario at the specified frame rate (30 Hz). Current frame execution exceeds 19.8505 milliseconds.
visualizer-1               | WebSocket server settings:
visualizer-1               |   - Listen on :6080
visualizer-1               |   - Web server. Web root: /usr/share/novnc
visualizer-1               |   - SSL/TLS support
visualizer-1               |   - Backgrounding (daemon)
visualizer-1               | [32m-------------------------------------------------------------------------[0m
visualizer-1               | [32mBrowser interface available at local address http://172.31.0.3:6080/vnc.html?resize=scale&password=openadkit&autoconnect=true[0m
visualizer-1               | [32mIf you have a static public ip you can access it on WEB at http://140.112.175.26:6080/vnc.html?resize=scale&password=openadkit&autoconnect=true[0m
visualizer-1               | [32m-------------------------------------------------------------------------[0m
autoware_zenoh_bridge-1    | [2m2025-08-17T14:50:27.425974Z[0m [32m INFO[0m tokio-runtime-worker ThreadId(31) [2mzenoh_plugin_ros2dds::discovered_entities[0m[2m:[0m Discovered ROS Node /launch_ros_1
autoware_zenoh_bridge-1    | [2m2025-08-17T14:50:27.426215Z[0m [32m INFO[0m tokio-runtime-worker ThreadId(31) [2mzenoh_plugin_ros2dds[0m[2m:[0m Node /launch_ros_1 declares Publisher /rosout: rcl_interfaces/msg/Log - Allowed
autoware_zenoh_bridge-1    | [2m2025-08-17T14:50:27.426257Z[0m [32m INFO[0m tokio-runtime-worker ThreadId(31) [2mzenoh_plugin_ros2dds[0m[2m:[0m Node /launch_ros_1 declares Publisher /parameter_events: rcl_interfaces/msg/ParameterEvent - Allowed
autoware_zenoh_bridge-1    | [2m2025-08-17T14:50:30.762372Z[0m [32m INFO[0m tokio-runtime-worker ThreadId(31) [2mzenoh_plugin_ros2dds::discovered_entities[0m[2m:[0m Discovered ROS Node /system/service_log_checker
autoware_zenoh_bridge-1    | [2m2025-08-17T14:50:30.762459Z[0m [32m INFO[0m tokio-runtime-worker ThreadId(31) [2mzenoh_plugin_ros2dds::discovered_entities[0m[2m:[0m Discovered ROS Node /robot_state_publisher
autoware_zenoh_bridge-1    | [2m2025-08-17T14:50:30.762613Z[0m [32m INFO[0m tokio-runtime-worker ThreadId(31) [2mzenoh_plugin_ros2dds::discovered_entities[0m[2m:[0m Discovered ROS Node /system/processing_time_checker
autoware_zenoh_bridge-1    | [2m2025-08-17T14:50:30.762698Z[0m [32m INFO[0m tokio-runtime-worker ThreadId(31) [2mzenoh_plugin_ros2dds::discovered_entities[0m[2m:[0m Discovered ROS Node /system/duplicated_node_checker
autoware_zenoh_bridge-1    | [2m2025-08-17T14:50:30.763155Z[0m [32m INFO[0m tokio-runtime-worker ThreadId(31) [2mzenoh_plugin_ros2dds[0m[2m:[0m Node /system/service_log_checker declares Subscriber /parameter_events: rcl_interfaces/msg/ParameterEvent - Allowed
autoware_zenoh_bridge-1    | [2m2025-08-17T14:50:30.763240Z[0m [32m INFO[0m tokio-runtime-worker ThreadId(31) [2mzenoh_plugin_ros2dds[0m[2m:[0m Node /system/service_log_checker declares Publisher /parameter_events: rcl_interfaces/msg/ParameterEvent - Allowed
autoware_zenoh_bridge-1    | [2m2025-08-17T14:50:30.763272Z[0m [32m INFO[0m tokio-runtime-worker ThreadId(31) [2mzenoh_plugin_ros2dds[0m[2m:[0m Node /system/service_log_checker declares Publisher /rosout: rcl_interfaces/msg/Log - Allowed
autoware_zenoh_bridge-1    | [2m2025-08-17T14:50:30.763355Z[0m [32m INFO[0m tokio-runtime-worker ThreadId(31) [2mzenoh_plugin_ros2dds[0m[2m:[0m Node /robot_state_publisher declares Subscriber /parameter_events: rcl_interfaces/msg/ParameterEvent - Allowed
autoware_zenoh_bridge-1    | [2m2025-08-17T14:50:30.763395Z[0m [32m INFO[0m tokio-runtime-worker ThreadId(31) [2mzenoh_plugin_ros2dds[0m[2m:[0m Node /robot_state_publisher declares Publisher /tf_static: tf2_msgs/msg/TFMessage - Allowed
autoware_zenoh_bridge-1    | [2m2025-08-17T14:50:30.763416Z[0m [32m INFO[0m tokio-runtime-worker ThreadId(31) [2mzenoh_plugin_ros2dds[0m[2m:[0m Node /robot_state_publisher declares Publisher /parameter_events: rcl_interfaces/msg/ParameterEvent - Allowed
autoware_zenoh_bridge-1    | [2m2025-08-17T14:50:30.763437Z[0m [32m INFO[0m tokio-runtime-worker ThreadId(31) [2mzenoh_plugin_ros2dds[0m[2m:[0m Node /robot_state_publisher declares Publisher /rosout: rcl_interfaces/msg/Log - Allowed
autoware_zenoh_bridge-1    | [2m2025-08-17T14:50:30.763456Z[0m [32m INFO[0m tokio-runtime-worker ThreadId(31) [2mzenoh_plugin_ros2dds[0m[2m:[0m Node /robot_state_publisher declares Publisher /tf: tf2_msgs/msg/TFMessage - Allowed
autoware_zenoh_bridge-1    | [2m2025-08-17T14:50:30.763467Z[0m [32m INFO[0m tokio-runtime-worker ThreadId(31) [2mzenoh_plugin_ros2dds[0m[2m:[0m Node /system/processing_time_checker declares Subscriber /parameter_events: rcl_interfaces/msg/ParameterEvent - Allowed
autoware_zenoh_bridge-1    | [2m2025-08-17T14:50:30.763475Z[0m [32m INFO[0m tokio-runtime-worker ThreadId(31) [2mzenoh_plugin_ros2dds[0m[2m:[0m Node /system/processing_time_checker declares Publisher /parameter_events: rcl_interfaces/msg/ParameterEvent - Allowed
autoware_zenoh_bridge-1    | [2m2025-08-17T14:50:30.763482Z[0m [32m INFO[0m tokio-runtime-worker ThreadId(31) [2mzenoh_plugin_ros2dds[0m[2m:[0m Node /system/processing_time_checker declares Publisher /rosout: rcl_interfaces/msg/Log - Allowed
autoware_zenoh_bridge-1    | [2m2025-08-17T14:50:30.763493Z[0m [32m INFO[0m tokio-runtime-worker ThreadId(31) [2mzenoh_plugin_ros2dds[0m[2m:[0m Node /system/duplicated_node_checker declares Subscriber /parameter_events: rcl_interfaces/msg/ParameterEvent - Allowed
autoware_zenoh_bridge-1    | [2m2025-08-17T14:50:30.763502Z[0m [32m INFO[0m tokio-runtime-worker ThreadId(31) [2mzenoh_plugin_ros2dds[0m[2m:[0m Node /system/duplicated_node_checker declares Publisher /rosout: rcl_interfaces/msg/Log - Allowed
autoware_zenoh_bridge-1    | [2m2025-08-17T14:50:30.763508Z[0m [32m INFO[0m tokio-runtime-worker ThreadId(31) [2mzenoh_plugin_ros2dds[0m[2m:[0m Node /system/duplicated_node_checker declares Publisher /parameter_events: rcl_interfaces/msg/ParameterEvent - Allowed
autoware_zenoh_bridge-1    | [2m2025-08-17T14:50:30.864210Z[0m [32m INFO[0m tokio-runtime-worker ThreadId(32) [2mzenoh_plugin_ros2dds::discovered_entities[0m[2m:[0m Discovered ROS Node /pointcloud_container
autoware_zenoh_bridge-1    | [2m2025-08-17T14:50:30.864311Z[0m [32m INFO[0m tokio-runtime-worker ThreadId(32) [2mzenoh_plugin_ros2dds::discovered_entities[0m[2m:[0m Discovered ROS Node /system/component_state_monitor/container
autoware_zenoh_bridge-1    | [2m2025-08-17T14:50:30.864377Z[0m [32m INFO[0m tokio-runtime-worker ThreadId(32) [2mzenoh_plugin_ros2dds::discovered_entities[0m[2m:[0m Discovered ROS Node /system/component_state_monitor/component
autoware_zenoh_bridge-1    | [2m2025-08-17T14:50:30.865046Z[0m [32m INFO[0m tokio-runtime-worker ThreadId(32) [2mzenoh_plugin_ros2dds::discovered_entities[0m[2m:[0m Discovered ROS Node /system/topic_state_monitor_trajectory_follower_control_cmd
autoware_zenoh_bridge-1    | [2m2025-08-17T14:50:30.865276Z[0m [32m INFO[0m tokio-runtime-worker ThreadId(32) [2mzenoh_plugin_ros2dds::discovered_entities[0m[2m:[0m Discovered ROS Node /system/hazard_status_converter
autoware_zenoh_bridge-1    | [2m2025-08-17T14:50:30.865405Z[0m [32m INFO[0m tokio-runtime-worker ThreadId(32) [2mzenoh_plugin_ros2dds::discovered_entities[0m[2m:[0m Discovered ROS Node /planning/remaining_distance_time_calculator
autoware_zenoh_bridge-1    | [2m2025-08-17T14:50:30.865593Z[0m [32m INFO[0m tokio-runtime-worker ThreadId(32) [2mzenoh_plugin_ros2dds::discovered_entities[0m[2m:[0m Discovered ROS Node /system/mrm_comfortable_stop_operator/mrm_comfortable_stop_operator_container
autoware_zenoh_bridge-1    | [2m2025-08-17T14:50:30.865670Z[0m [32m INFO[0m tokio-runtime-worker ThreadId(32) [2mzenoh_plugin_ros2dds::discovered_entities[0m[2m:[0m Discovered ROS Node /system/topic_state_monitor_vehicle_status_steering_status
autoware_zenoh_bridge-1    | [2m2025-08-17T14:50:30.865783Z[0m [32m INFO[0m tokio-runtime-worker ThreadId(32) [2mzenoh_plugin_ros2dds::discovered_entities[0m[2m:[0m Discovered ROS Node /system/topic_state_monitor_system_emergency_control_cmd
autoware_zenoh_bridge-1    | [2m2025-08-17T14:50:30.865894Z[0m [32m INFO[0m tokio-runtime-worker ThreadId(32) [2mzenoh_plugin_ros2dds::discovered_entities[0m[2m:[0m Discovered ROS Node /dummy_diag_publisher
autoware_zenoh_bridge-1    | [2m2025-08-17T14:50:30.866105Z[0m [32m INFO[0m tokio-runtime-worker ThreadId(32) [2mzenoh_plugin_ros2dds::discovered_entities[0m[2m:[0m Discovered ROS Node /system/aggregator
autoware_zenoh_bridge-1    | [2m2025-08-17T14:50:30.866266Z[0m [32m INFO[0m tokio-runtime-worker ThreadId(32) [2mzenoh_plugin_ros2dds::discovered_entities[0m[2m:[0m Discovered ROS Node /system/mrm_handler
autoware_zenoh_bridge-1    | [2m2025-08-17T14:50:30.866473Z[0m [32m INFO[0m tokio-runtime-worker ThreadId(32) [2mzenoh_plugin_ros2dds::discovered_entities[0m[2m:[0m Discovered ROS Node /system/topic_state_monitor_object_recognition_objects
autoware_zenoh_bridge-1    | [2m2025-08-17T14:50:30.866661Z[0m [32m INFO[0m tokio-runtime-worker ThreadId(32) [2mzenoh_plugin_ros2dds[0m[2m:[0m Node /pointcloud_container declares Subscriber /parameter_events: rcl_interfaces/msg/ParameterEvent - Allowed
autoware_zenoh_bridge-1    | [2m2025-08-17T14:50:30.866704Z[0m [32m INFO[0m tokio-runtime-worker ThreadId(32) [2mzenoh_plugin_ros2dds[0m[2m:[0m Node /pointcloud_container declares Publisher /rosout: rcl_interfaces/msg/Log - Allowed
autoware_zenoh_bridge-1    | [2m2025-08-17T14:50:30.866717Z[0m [32m INFO[0m tokio-runtime-worker ThreadId(32) [2mzenoh_plugin_ros2dds[0m[2m:[0m Node /system/component_state_monitor/container declares Subscriber /parameter_events: rcl_interfaces/msg/ParameterEvent - Allowed
autoware_zenoh_bridge-1    | [2m2025-08-17T14:50:30.866731Z[0m [32m INFO[0m tokio-runtime-worker ThreadId(32) [2mzenoh_plugin_ros2dds[0m[2m:[0m Node /system/component_state_monitor/container declares Publisher /rosout: rcl_interfaces/msg/Log - Allowed
autoware_zenoh_bridge-1    | [2m2025-08-17T14:50:30.866748Z[0m [32m INFO[0m tokio-runtime-worker ThreadId(32) [2mzenoh_plugin_ros2dds[0m[2m:[0m Node /system/component_state_monitor/component declares Subscriber /parameter_events: rcl_interfaces/msg/ParameterEvent - Allowed
autoware_zenoh_bridge-1    | [2m2025-08-17T14:50:30.866771Z[0m [32m INFO[0m tokio-runtime-worker ThreadId(32) [2mzenoh_plugin_ros2dds[0m[2m:[0m Node /system/component_state_monitor/component declares Publisher /rosout: rcl_interfaces/msg/Log - Allowed
autoware_zenoh_bridge-1    | [2m2025-08-17T14:50:30.866807Z[0m [32m INFO[0m tokio-runtime-worker ThreadId(32) [2mzenoh_plugin_ros2dds[0m[2m:[0m Node /system/component_state_monitor/component declares Publisher /parameter_events: rcl_interfaces/msg/ParameterEvent - Allowed
autoware_zenoh_bridge-1    | [2m2025-08-17T14:50:30.867225Z[0m [32m INFO[0m tokio-runtime-worker ThreadId(32) [2mzenoh_plugin_ros2dds[0m[2m:[0m Node /system/topic_state_monitor_trajectory_follower_control_cmd declares Subscriber /parameter_events: rcl_interfaces/msg/ParameterEvent - Allowed
autoware_zenoh_bridge-1    | [2m2025-08-17T14:50:30.867247Z[0m [32m INFO[0m tokio-runtime-worker ThreadId(32) [2mzenoh_plugin_ros2dds[0m[2m:[0m Node /system/topic_state_monitor_trajectory_follower_control_cmd declares Publisher /rosout: rcl_interfaces/msg/Log - Allowed
autoware_zenoh_bridge-1    | [2m2025-08-17T14:50:30.867256Z[0m [32m INFO[0m tokio-runtime-worker ThreadId(32) [2mzenoh_plugin_ros2dds[0m[2m:[0m Node /system/topic_state_monitor_trajectory_follower_control_cmd declares Publisher /parameter_events: rcl_interfaces/msg/ParameterEvent - Allowed
autoware_zenoh_bridge-1    | [2m2025-08-17T14:50:30.867275Z[0m [32m INFO[0m tokio-runtime-worker ThreadId(32) [2mzenoh_plugin_ros2dds[0m[2m:[0m Node /robot_state_publisher declares Publisher /robot_description: std_msgs/msg/String - Allowed
autoware_zenoh_bridge-1    | [2m2025-08-17T14:50:30.867375Z[0m [32m INFO[0m tokio-runtime-worker ThreadId(32) [2mzenoh_plugin_ros2dds[0m[2m:[0m Node /system/hazard_status_converter declares Subscriber /parameter_events: rcl_interfaces/msg/ParameterEvent - Allowed
autoware_zenoh_bridge-1    | [2m2025-08-17T14:50:30.867389Z[0m [32m INFO[0m tokio-runtime-worker ThreadId(32) [2mzenoh_plugin_ros2dds[0m[2m:[0m Node /system/hazard_status_converter declares Publisher /rosout: rcl_interfaces/msg/Log - Allowed
autoware_zenoh_bridge-1    | [2m2025-08-17T14:50:30.867403Z[0m [32m INFO[0m tokio-runtime-worker ThreadId(32) [2mzenoh_plugin_ros2dds[0m[2m:[0m Node /system/hazard_status_converter declares Publisher /parameter_events: rcl_interfaces/msg/ParameterEvent - Allowed
autoware_zenoh_bridge-1    | [2m2025-08-17T14:50:30.867483Z[0m [32m INFO[0m tokio-runtime-worker ThreadId(32) [2mzenoh_plugin_ros2dds[0m[2m:[0m Node /planning/remaining_distance_time_calculator declares Subscriber /parameter_events: rcl_interfaces/msg/ParameterEvent - Allowed
autoware_zenoh_bridge-1    | [2m2025-08-17T14:50:30.867503Z[0m [32m INFO[0m tokio-runtime-worker ThreadId(32) [2mzenoh_plugin_ros2dds[0m[2m:[0m Node /planning/remaining_distance_time_calculator declares Subscriber /planning/scenario_planning/current_max_velocity: autoware_internal_planning_msgs/msg/VelocityLimit - Allowed
autoware_zenoh_bridge-1    | [2m2025-08-17T14:50:30.867604Z[0m [32m INFO[0m tokio-runtime-worker ThreadId(32) [2mzenoh_plugin_ros2dds::routes_mgr[0m[2m:[0m Route Subscriber (Zenoh:planning/scenario_planning/current_max_velocity -> ROS:/planning/scenario_planning/current_max_velocity) created
visualizer_zenoh_bridge-1  | [2m2025-08-17T14:50:30.867523Z[0m [32m INFO[0m tokio-runtime-worker ThreadId(18) [2mzenoh_plugin_ros2dds[0m[2m:[0m Remote bridge e89ce47b3dcd51f5471cd3ad1b627254 announces Publisher robot_description - Allowed
autoware_zenoh_bridge-1    | [2m2025-08-17T14:50:30.867839Z[0m [32m INFO[0m tokio-runtime-worker ThreadId(32) [2mzenoh_plugin_ros2dds[0m[2m:[0m Node /planning/remaining_distance_time_calculator declares Publisher /parameter_events: rcl_interfaces/msg/ParameterEvent - Allowed
autoware_zenoh_bridge-1    | [2m2025-08-17T14:50:30.867851Z[0m [32m INFO[0m tokio-runtime-worker ThreadId(32) [2mzenoh_plugin_ros2dds[0m[2m:[0m Node /planning/remaining_distance_time_calculator declares Publisher /rosout: rcl_interfaces/msg/Log - Allowed
autoware_zenoh_bridge-1    | [2m2025-08-17T14:50:30.867862Z[0m [32m INFO[0m tokio-runtime-worker ThreadId(32) [2mzenoh_plugin_ros2dds[0m[2m:[0m Node /planning/remaining_distance_time_calculator declares Publisher /planning/mission_remaining_distance_time: autoware_internal_msgs/msg/MissionRemainingDistanceTime - Allowed
autoware_zenoh_bridge-1    | [2m2025-08-17T14:50:30.867928Z[0m [32m INFO[0m tokio-runtime-worker ThreadId(32) [2mzenoh_plugin_ros2dds[0m[2m:[0m Node /system/mrm_comfortable_stop_operator/mrm_comfortable_stop_operator_container declares Subscriber /parameter_events: rcl_interfaces/msg/ParameterEvent - Allowed
autoware_zenoh_bridge-1    | [2m2025-08-17T14:50:30.867938Z[0m [32m INFO[0m tokio-runtime-worker ThreadId(32) [2mzenoh_plugin_ros2dds[0m[2m:[0m Node /system/mrm_comfortable_stop_operator/mrm_comfortable_stop_operator_container declares Publisher /rosout: rcl_interfaces/msg/Log - Allowed
autoware_zenoh_bridge-1    | [2m2025-08-17T14:50:30.867949Z[0m [32m INFO[0m tokio-runtime-worker ThreadId(32) [2mzenoh_plugin_ros2dds[0m[2m:[0m Node /system/topic_state_monitor_vehicle_status_steering_status declares Subscriber /parameter_events: rcl_interfaces/msg/ParameterEvent - Allowed
autoware_zenoh_bridge-1    | [2m2025-08-17T14:50:30.868001Z[0m [32m INFO[0m tokio-runtime-worker ThreadId(32) [2mzenoh_plugin_ros2dds[0m[2m:[0m Node /system/topic_state_monitor_vehicle_status_steering_status declares Subscriber /vehicle/status/steering_status: autoware_vehicle_msgs/msg/SteeringReport - Allowed
autoware_zenoh_bridge-1    | [2m2025-08-17T14:50:30.868096Z[0m [32m INFO[0m tokio-runtime-worker ThreadId(32) [2mzenoh_plugin_ros2dds::routes_mgr[0m[2m:[0m Route Subscriber (Zenoh:vehicle/status/steering_status -> ROS:/vehicle/status/steering_status) created
visualizer_zenoh_bridge-1  | [2m2025-08-17T14:50:30.868113Z[0m [32m INFO[0m tokio-runtime-worker ThreadId(18) [2mzenoh_plugin_ros2dds[0m[2m:[0m Remote bridge e89ce47b3dcd51f5471cd3ad1b627254 announces Subscriber planning/scenario_planning/current_max_velocity - Allowed
autoware_zenoh_bridge-1    | [2m2025-08-17T14:50:30.868258Z[0m [32m INFO[0m tokio-runtime-worker ThreadId(32) [2mzenoh_plugin_ros2dds[0m[2m:[0m Node /system/topic_state_monitor_vehicle_status_steering_status declares Publisher /rosout: rcl_interfaces/msg/Log - Allowed
autoware_zenoh_bridge-1    | [2m2025-08-17T14:50:30.868289Z[0m [32m INFO[0m tokio-runtime-worker ThreadId(32) [2mzenoh_plugin_ros2dds[0m[2m:[0m Node /system/topic_state_monitor_vehicle_status_steering_status declares Publisher /parameter_events: rcl_interfaces/msg/ParameterEvent - Allowed
autoware_zenoh_bridge-1    | [2m2025-08-17T14:50:30.868334Z[0m [32m INFO[0m tokio-runtime-worker ThreadId(32) [2mzenoh_plugin_ros2dds[0m[2m:[0m Node /system/topic_state_monitor_system_emergency_control_cmd declares Subscriber /parameter_events: rcl_interfaces/msg/ParameterEvent - Allowed
autoware_zenoh_bridge-1    | [2m2025-08-17T14:50:30.868357Z[0m [32m INFO[0m tokio-runtime-worker ThreadId(32) [2mzenoh_plugin_ros2dds[0m[2m:[0m Node /system/topic_state_monitor_system_emergency_control_cmd declares Publisher /rosout: rcl_interfaces/msg/Log - Allowed
visualizer_zenoh_bridge-1  | [2m2025-08-17T14:50:30.868431Z[0m [32m INFO[0m tokio-runtime-worker ThreadId(18) [2mzenoh_plugin_ros2dds::routes_mgr[0m[2m:[0m Route Publisher (ROS:/planning/scenario_planning/current_max_velocity -> Zenoh:planning/scenario_planning/current_max_velocity) created
visualizer_zenoh_bridge-1  | [2m2025-08-17T14:50:30.868465Z[0m [32m INFO[0m tokio-runtime-worker ThreadId(18) [2mzenoh_plugin_ros2dds[0m[2m:[0m Remote bridge e89ce47b3dcd51f5471cd3ad1b627254 announces Publisher planning/mission_remaining_distance_time - Allowed
visualizer_zenoh_bridge-1  | [2m2025-08-17T14:50:30.868507Z[0m [32m INFO[0m tokio-runtime-worker ThreadId(18) [2mzenoh_plugin_ros2dds[0m[2m:[0m Remote bridge e89ce47b3dcd51f5471cd3ad1b627254 announces Subscriber vehicle/status/steering_status - Allowed
visualizer_zenoh_bridge-1  | [2m2025-08-17T14:50:30.868594Z[0m [32m INFO[0m tokio-runtime-worker ThreadId(18) [2mzenoh_plugin_ros2dds::routes_mgr[0m[2m:[0m Route Publisher (ROS:/vehicle/status/steering_status -> Zenoh:vehicle/status/steering_status) created
autoware_zenoh_bridge-1    | [2m2025-08-17T14:50:30.868895Z[0m [32m INFO[0m tokio-runtime-worker ThreadId(32) [2mzenoh_plugin_ros2dds[0m[2m:[0m Node /system/topic_state_monitor_system_emergency_control_cmd declares Publisher /parameter_events: rcl_interfaces/msg/ParameterEvent - Allowed
autoware_zenoh_bridge-1    | [2m2025-08-17T14:50:30.868914Z[0m [32m INFO[0m tokio-runtime-worker ThreadId(32) [2mzenoh_plugin_ros2dds[0m[2m:[0m Node /dummy_diag_publisher declares Subscriber /parameter_events: rcl_interfaces/msg/ParameterEvent - Allowed
autoware_zenoh_bridge-1    | [2m2025-08-17T14:50:30.868928Z[0m [32m INFO[0m tokio-runtime-worker ThreadId(32) [2mzenoh_plugin_ros2dds[0m[2m:[0m Node /dummy_diag_publisher declares Publisher /parameter_events: rcl_interfaces/msg/ParameterEvent - Allowed
autoware_zenoh_bridge-1    | [2m2025-08-17T14:50:30.868938Z[0m [32m INFO[0m tokio-runtime-worker ThreadId(32) [2mzenoh_plugin_ros2dds[0m[2m:[0m Node /dummy_diag_publisher declares Publisher /rosout: rcl_interfaces/msg/Log - Allowed
autoware_zenoh_bridge-1    | [2m2025-08-17T14:50:30.868952Z[0m [32m INFO[0m tokio-runtime-worker ThreadId(32) [2mzenoh_plugin_ros2dds[0m[2m:[0m Node /system/aggregator declares Subscriber /parameter_events: rcl_interfaces/msg/ParameterEvent - Allowed
autoware_zenoh_bridge-1    | [2m2025-08-17T14:50:30.868964Z[0m [32m INFO[0m tokio-runtime-worker ThreadId(32) [2mzenoh_plugin_ros2dds[0m[2m:[0m Node /system/aggregator declares Publisher /rosout: rcl_interfaces/msg/Log - Allowed
autoware_zenoh_bridge-1    | [2m2025-08-17T14:50:30.868976Z[0m [32m INFO[0m tokio-runtime-worker ThreadId(32) [2mzenoh_plugin_ros2dds[0m[2m:[0m Node /system/aggregator declares Publisher /parameter_events: rcl_interfaces/msg/ParameterEvent - Allowed
autoware_zenoh_bridge-1    | [2m2025-08-17T14:50:30.869010Z[0m [32m INFO[0m tokio-runtime-worker ThreadId(32) [2mzenoh_plugin_ros2dds[0m[2m:[0m Node /system/mrm_handler declares Subscriber /api/operation_mode/state: autoware_adapi_v1_msgs/msg/OperationModeState - Allowed
autoware_zenoh_bridge-1    | [2m2025-08-17T14:50:30.869053Z[0m [32m INFO[0m tokio-runtime-worker ThreadId(32) [2mzenoh_plugin_ros2dds[0m[2m:[0m Node /system/mrm_handler declares Subscriber /parameter_events: rcl_interfaces/msg/ParameterEvent - Allowed
autoware_zenoh_bridge-1    | [2m2025-08-17T14:50:30.869078Z[0m [32m INFO[0m tokio-runtime-worker ThreadId(32) [2mzenoh_plugin_ros2dds[0m[2m:[0m Node /system/mrm_handler declares Publisher /rosout: rcl_interfaces/msg/Log - Allowed
autoware_zenoh_bridge-1    | [2m2025-08-17T14:50:30.869101Z[0m [32m INFO[0m tokio-runtime-worker ThreadId(32) [2mzenoh_plugin_ros2dds[0m[2m:[0m Node /system/mrm_handler declares Publisher /parameter_events: rcl_interfaces/msg/ParameterEvent - Allowed
autoware_zenoh_bridge-1    | [2m2025-08-17T14:50:30.869129Z[0m [32m INFO[0m tokio-runtime-worker ThreadId(32) [2mzenoh_plugin_ros2dds[0m[2m:[0m Node /system/topic_state_monitor_object_recognition_objects declares Subscriber /parameter_events: rcl_interfaces/msg/ParameterEvent - Allowed
autoware_zenoh_bridge-1    | [2m2025-08-17T14:50:30.869151Z[0m [32m INFO[0m tokio-runtime-worker ThreadId(32) [2mzenoh_plugin_ros2dds[0m[2m:[0m Node /system/topic_state_monitor_object_recognition_objects declares Subscriber /perception/object_recognition/objects: autoware_perception_msgs/msg/PredictedObjects - Allowed
autoware_zenoh_bridge-1    | [2m2025-08-17T14:50:30.869256Z[0m [32m INFO[0m tokio-runtime-worker ThreadId(32) [2mzenoh_plugin_ros2dds::routes_mgr[0m[2m:[0m Route Subscriber (Zenoh:perception/object_recognition/objects -> ROS:/perception/object_recognition/objects) created
autoware_zenoh_bridge-1    | [2m2025-08-17T14:50:30.869420Z[0m [32m INFO[0m tokio-runtime-worker ThreadId(32) [2mzenoh_plugin_ros2dds[0m[2m:[0m Node /system/topic_state_monitor_object_recognition_objects declares Publisher /parameter_events: rcl_interfaces/msg/ParameterEvent - Allowed
autoware_zenoh_bridge-1    | [2m2025-08-17T14:50:30.869450Z[0m [32m INFO[0m tokio-runtime-worker ThreadId(32) [2mzenoh_plugin_ros2dds[0m[2m:[0m Node /system/topic_state_monitor_object_recognition_objects declares Publisher /rosout: rcl_interfaces/msg/Log - Allowed
visualizer_zenoh_bridge-1  | [2m2025-08-17T14:50:30.869703Z[0m [32m INFO[0m tokio-runtime-worker ThreadId(18) [2mzenoh_plugin_ros2dds[0m[2m:[0m Remote bridge e89ce47b3dcd51f5471cd3ad1b627254 announces Subscriber perception/object_recognition/objects - Allowed
visualizer_zenoh_bridge-1  | [2m2025-08-17T14:50:30.869810Z[0m [32m INFO[0m tokio-runtime-worker ThreadId(18) [2mzenoh_plugin_ros2dds::routes_mgr[0m[2m:[0m Route Publisher (ROS:/perception/object_recognition/objects -> Zenoh:perception/object_recognition/objects) created
autoware-1                 | [INFO] [launch_ros.actions.load_composable_nodes]: Loaded node '/system/component_state_monitor/component' in container '/system/component_state_monitor/container'
autoware_zenoh_bridge-1    | [2m2025-08-17T14:50:30.965684Z[0m [32m INFO[0m tokio-runtime-worker ThreadId(31) [2mzenoh_plugin_ros2dds::discovered_entities[0m[2m:[0m Discovered ROS Node /planning/transform_listener_impl_7f8a98003650
autoware_zenoh_bridge-1    | [2m2025-08-17T14:50:30.965792Z[0m [32m INFO[0m tokio-runtime-worker ThreadId(31) [2mzenoh_plugin_ros2dds::discovered_entities[0m[2m:[0m Discovered ROS Node /planning/planning_evaluator
autoware_zenoh_bridge-1    | [2m2025-08-17T14:50:30.966075Z[0m [32m INFO[0m tokio-runtime-worker ThreadId(31) [2mzenoh_plugin_ros2dds::discovered_entities[0m[2m:[0m Discovered ROS Node /map/map_container
autoware_zenoh_bridge-1    | [2m2025-08-17T14:50:30.966134Z[0m [32m INFO[0m tokio-runtime-worker ThreadId(31) [2mzenoh_plugin_ros2dds::discovered_entities[0m[2m:[0m Discovered ROS Node /planning/planning_validator
autoware_zenoh_bridge-1    | [2m2025-08-17T14:50:30.966234Z[0m [32m INFO[0m tokio-runtime-worker ThreadId(31) [2mzenoh_plugin_ros2dds::discovered_entities[0m[2m:[0m Discovered ROS Node /control/control_container
autoware_zenoh_bridge-1    | [2m2025-08-17T14:50:30.966282Z[0m [32m INFO[0m tokio-runtime-worker ThreadId(31) [2mzenoh_plugin_ros2dds::discovered_entities[0m[2m:[0m Discovered ROS Node /system/topic_state_monitor_transform_map_to_base_link
autoware_zenoh_bridge-1    | [2m2025-08-17T14:50:30.966380Z[0m [32m INFO[0m tokio-runtime-worker ThreadId(31) [2mzenoh_plugin_ros2dds::discovered_entities[0m[2m:[0m Discovered ROS Node /system/mrm_comfortable_stop_operator
autoware_zenoh_bridge-1    | [2m2025-08-17T14:50:30.966459Z[0m [32m INFO[0m tokio-runtime-worker ThreadId(31) [2mzenoh_plugin_ros2dds::discovered_entities[0m[2m:[0m Discovered ROS Node /system/topic_state_monitor_initialpose3d
autoware_zenoh_bridge-1    | [2m2025-08-17T14:50:30.966533Z[0m [32m INFO[0m tokio-runtime-worker ThreadId(31) [2mzenoh_plugin_ros2dds::discovered_entities[0m[2m:[0m Discovered ROS Node /system/topic_state_monitor_vector_map
autoware_zenoh_bridge-1    | [2m2025-08-17T14:50:30.966619Z[0m [32m INFO[0m tokio-runtime-worker ThreadId(31) [2mzenoh_plugin_ros2dds::discovered_entities[0m[2m:[0m Discovered ROS Node /map/map_projection_loader
autoware_zenoh_bridge-1    | [2m2025-08-17T14:50:30.966688Z[0m [32m INFO[0m tokio-runtime-worker ThreadId(31) [2mzenoh_plugin_ros2dds::discovered_entities[0m[2m:[0m Discovered ROS Node /system/mrm_emergency_stop_operator
autoware_zenoh_bridge-1    | [2m2025-08-17T14:50:30.966740Z[0m [32m INFO[0m tokio-runtime-worker ThreadId(31) [2mzenoh_plugin_ros2dds::discovered_entities[0m[2m:[0m Discovered ROS Node /system/mrm_emergency_stop_operator/mrm_emergency_stop_operator_container
autoware_zenoh_bridge-1    | [2m2025-08-17T14:50:30.966790Z[0m [32m INFO[0m tokio-runtime-worker ThreadId(31) [2mzenoh_plugin_ros2dds::discovered_entities[0m[2m:[0m Discovered ROS Node /planning/scenario_planning/external_velocity_limit_selector
autoware_zenoh_bridge-1    | [2m2025-08-17T14:50:30.966876Z[0m [32m INFO[0m tokio-runtime-worker ThreadId(31) [2mzenoh_plugin_ros2dds::discovered_entities[0m[2m:[0m Discovered ROS Node /control/control_check_container
autoware_zenoh_bridge-1    | [2m2025-08-17T14:50:30.966924Z[0m [32m INFO[0m tokio-runtime-worker ThreadId(31) [2mzenoh_plugin_ros2dds::discovered_entities[0m[2m:[0m Discovered ROS Node /planning/mission_planning/mission_planner_container
autoware_zenoh_bridge-1    | [2m2025-08-17T14:50:30.966981Z[0m [32m INFO[0m tokio-runtime-worker ThreadId(31) [2mzenoh_plugin_ros2dds::discovered_entities[0m[2m:[0m Discovered ROS Node /system/topic_state_monitor_mission_planning_route
autoware_zenoh_bridge-1    | [2m2025-08-17T14:50:30.967056Z[0m [32m INFO[0m tokio-runtime-worker ThreadId(31) [2mzenoh_plugin_ros2dds::discovered_entities[0m[2m:[0m Discovered ROS Node /system/topic_state_monitor_scenario_planning_trajectory
autoware_zenoh_bridge-1    | [2m2025-08-17T14:50:30.967126Z[0m [32m INFO[0m tokio-runtime-worker ThreadId(31) [2mzenoh_plugin_ros2dds::discovered_entities[0m[2m:[0m Discovered ROS Node /system/topic_state_monitor_vehicle_status_velocity_status
autoware_zenoh_bridge-1    | [2m2025-08-17T14:50:30.967196Z[0m [32m INFO[0m tokio-runtime-worker ThreadId(31) [2mzenoh_plugin_ros2dds::discovered_entities[0m[2m:[0m Discovered ROS Node /system/topic_state_monitor_control_command_control_cmd
autoware_zenoh_bridge-1    | [2m2025-08-17T14:50:30.967302Z[0m [32m INFO[0m tokio-runtime-worker ThreadId(31) [2mzenoh_plugin_ros2dds[0m[2m:[0m Node /planning/transform_listener_impl_7f8a98003650 declares Subscriber /parameter_events: rcl_interfaces/msg/ParameterEvent - Allowed
autoware_zenoh_bridge-1    | [2m2025-08-17T14:50:30.967341Z[0m [32m INFO[0m tokio-runtime-worker ThreadId(31) [2mzenoh_plugin_ros2dds[0m[2m:[0m Node /planning/transform_listener_impl_7f8a98003650 declares Subscriber /tf: tf2_msgs/msg/TFMessage - Allowed
autoware_zenoh_bridge-1    | [2m2025-08-17T14:50:30.967504Z[0m [32m INFO[0m tokio-runtime-worker ThreadId(31) [2mzenoh_plugin_ros2dds::routes_mgr[0m[2m:[0m Route Subscriber (Zenoh:tf -> ROS:/tf) created
autoware_zenoh_bridge-1    | [2m2025-08-17T14:50:30.967715Z[0m [32m INFO[0m tokio-runtime-worker ThreadId(31) [2mzenoh_plugin_ros2dds[0m[2m:[0m Node /planning/transform_listener_impl_7f8a98003650 declares Subscriber /tf_static: tf2_msgs/msg/TFMessage - Allowed
autoware_zenoh_bridge-1    | [2m2025-08-17T14:50:30.967827Z[0m [32m INFO[0m tokio-runtime-worker ThreadId(31) [2mzenoh_plugin_ros2dds::routes_mgr[0m[2m:[0m Route Subscriber (Zenoh:tf_static -> ROS:/tf_static) created
visualizer_zenoh_bridge-1  | [2m2025-08-17T14:50:30.967907Z[0m [32m INFO[0m tokio-runtime-worker ThreadId(18) [2mzenoh_plugin_ros2dds[0m[2m:[0m Remote bridge e89ce47b3dcd51f5471cd3ad1b627254 announces Subscriber tf - Allowed
autoware_zenoh_bridge-1    | [2m2025-08-17T14:50:30.968204Z[0m [32m INFO[0m tokio-runtime-worker ThreadId(31) [2mzenoh_plugin_ros2dds[0m[2m:[0m Node /planning/transform_listener_impl_7f8a98003650 declares Publisher /rosout: rcl_interfaces/msg/Log - Allowed
visualizer_zenoh_bridge-1  | [2m2025-08-17T14:50:30.968189Z[0m [32m INFO[0m tokio-runtime-worker ThreadId(18) [2mzenoh_plugin_ros2dds::routes_mgr[0m[2m:[0m Route Publisher (ROS:/tf -> Zenoh:tf) created
visualizer_zenoh_bridge-1  | [2m2025-08-17T14:50:30.968387Z[0m [32m INFO[0m tokio-runtime-worker ThreadId(18) [2mzenoh_plugin_ros2dds[0m[2m:[0m Remote bridge e89ce47b3dcd51f5471cd3ad1b627254 announces Subscriber tf_static - Allowed
autoware_zenoh_bridge-1    | [2m2025-08-17T14:50:30.968356Z[0m [32m INFO[0m tokio-runtime-worker ThreadId(31) [2mzenoh_plugin_ros2dds[0m[2m:[0m Node /planning/planning_evaluator declares Subscriber /planning/scenario_planning/modified_goal: autoware_planning_msgs/msg/PoseWithUuidStamped - Allowed
autoware_zenoh_bridge-1    | [2m2025-08-17T14:50:30.968463Z[0m [32m INFO[0m tokio-runtime-worker ThreadId(31) [2mzenoh_plugin_ros2dds::routes_mgr[0m[2m:[0m Route Subscriber (Zenoh:planning/scenario_planning/modified_goal -> ROS:/planning/scenario_planning/modified_goal) created
visualizer_zenoh_bridge-1  | [2m2025-08-17T14:50:30.968658Z[0m [32m INFO[0m tokio-runtime-worker ThreadId(18) [2mzenoh_plugin_ros2dds::routes_mgr[0m[2m:[0m Route Publisher (ROS:/tf_static -> Zenoh:tf_static) created
autoware_zenoh_bridge-1    | [2m2025-08-17T14:50:30.968745Z[0m [32m INFO[0m tokio-runtime-worker ThreadId(31) [2mzenoh_plugin_ros2dds[0m[2m:[0m Node /planning/planning_evaluator declares Subscriber /vehicle/status/turn_indicators_status: autoware_vehicle_msgs/msg/TurnIndicatorsReport - Allowed
visualizer_zenoh_bridge-1  | [2m2025-08-17T14:50:30.968939Z[0m [32m INFO[0m tokio-runtime-worker ThreadId(18) [2mzenoh_plugin_ros2dds[0m[2m:[0m Remote bridge e89ce47b3dcd51f5471cd3ad1b627254 announces Subscriber planning/scenario_planning/modified_goal - Allowed
visualizer_zenoh_bridge-1  | [2m2025-08-17T14:50:30.969036Z[0m [32m INFO[0m tokio-runtime-worker ThreadId(18) [2mzenoh_plugin_ros2dds::routes_mgr[0m[2m:[0m Route Publisher (ROS:/planning/scenario_planning/modified_goal -> Zenoh:planning/scenario_planning/modified_goal) created
autoware_zenoh_bridge-1    | [2m2025-08-17T14:50:30.969206Z[0m [32m INFO[0m tokio-runtime-worker ThreadId(31) [2mzenoh_plugin_ros2dds::routes_mgr[0m[2m:[0m Route Subscriber (Zenoh:vehicle/status/turn_indicators_status -> ROS:/vehicle/status/turn_indicators_status) created
autoware_zenoh_bridge-1    | [2m2025-08-17T14:50:30.969519Z[0m [32m INFO[0m tokio-runtime-worker ThreadId(31) [2mzenoh_plugin_ros2dds[0m[2m:[0m Node /planning/planning_evaluator declares Subscriber /vehicle/status/steering_status: autoware_vehicle_msgs/msg/SteeringReport - Allowed
autoware_zenoh_bridge-1    | [2m2025-08-17T14:50:30.969638Z[0m [32m INFO[0m tokio-runtime-worker ThreadId(31) [2mzenoh_plugin_ros2dds[0m[2m:[0m Node /planning/planning_evaluator declares Subscriber /planning/scenario_planning/trajectory: autoware_planning_msgs/msg/Trajectory - Allowed
visualizer_zenoh_bridge-1  | [2m2025-08-17T14:50:30.969731Z[0m [32m INFO[0m tokio-runtime-worker ThreadId(02) [2mzenoh_plugin_ros2dds[0m[2m:[0m Remote bridge e89ce47b3dcd51f5471cd3ad1b627254 announces Subscriber vehicle/status/turn_indicators_status - Allowed
autoware_zenoh_bridge-1    | [2m2025-08-17T14:50:30.969893Z[0m [32m INFO[0m tokio-runtime-worker ThreadId(31) [2mzenoh_plugin_ros2dds::routes_mgr[0m[2m:[0m Route Subscriber (Zenoh:planning/scenario_planning/trajectory -> ROS:/planning/scenario_planning/trajectory) created
visualizer_zenoh_bridge-1  | [2m2025-08-17T14:50:30.969858Z[0m [32m INFO[0m tokio-runtime-worker ThreadId(02) [2mzenoh_plugin_ros2dds::routes_mgr[0m[2m:[0m Route Publisher (ROS:/vehicle/status/turn_indicators_status -> Zenoh:vehicle/status/turn_indicators_status) created
autoware_zenoh_bridge-1    | [2m2025-08-17T14:50:30.970076Z[0m [32m INFO[0m tokio-runtime-worker ThreadId(31) [2mzenoh_plugin_ros2dds[0m[2m:[0m Node /planning/planning_evaluator declares Subscriber /parameter_events: rcl_interfaces/msg/ParameterEvent - Allowed
autoware_zenoh_bridge-1    | [2m2025-08-17T14:50:30.970139Z[0m [32m INFO[0m tokio-runtime-worker ThreadId(31) [2mzenoh_plugin_ros2dds[0m[2m:[0m Node /planning/planning_evaluator declares Subscriber /perception/object_recognition/objects: autoware_perception_msgs/msg/PredictedObjects - Allowed
autoware_zenoh_bridge-1    | [2m2025-08-17T14:50:30.970151Z[0m [32m INFO[0m tokio-runtime-worker ThreadId(31) [2mzenoh_plugin_ros2dds[0m[2m:[0m Node /planning/planning_evaluator declares Publisher /rosout: rcl_interfaces/msg/Log - Allowed
autoware_zenoh_bridge-1    | [2m2025-08-17T14:50:30.970166Z[0m [32m INFO[0m tokio-runtime-worker ThreadId(31) [2mzenoh_plugin_ros2dds[0m[2m:[0m Node /planning/planning_evaluator declares Publisher /parameter_events: rcl_interfaces/msg/ParameterEvent - Allowed
autoware_zenoh_bridge-1    | [2m2025-08-17T14:50:30.970200Z[0m [32m INFO[0m tokio-runtime-worker ThreadId(31) [2mzenoh_plugin_ros2dds[0m[2m:[0m Node /map/map_container declares Subscriber /parameter_events: rcl_interfaces/msg/ParameterEvent - Allowed
autoware_zenoh_bridge-1    | [2m2025-08-17T14:50:30.970213Z[0m [32m INFO[0m tokio-runtime-worker ThreadId(31) [2mzenoh_plugin_ros2dds[0m[2m:[0m Node /map/map_container declares Publisher /rosout: rcl_interfaces/msg/Log - Allowed
autoware_zenoh_bridge-1    | [2m2025-08-17T14:50:30.970231Z[0m [32m INFO[0m tokio-runtime-worker ThreadId(31) [2mzenoh_plugin_ros2dds[0m[2m:[0m Node /planning/planning_validator declares Subscriber /parameter_events: rcl_interfaces/msg/ParameterEvent - Allowed
autoware_zenoh_bridge-1    | [2m2025-08-17T14:50:30.970331Z[0m [32m INFO[0m tokio-runtime-worker ThreadId(31) [2mzenoh_plugin_ros2dds[0m[2m:[0m Node /planning/planning_validator declares Publisher /rosout: rcl_interfaces/msg/Log - Allowed
autoware_zenoh_bridge-1    | [2m2025-08-17T14:50:30.970343Z[0m [32m INFO[0m tokio-runtime-worker ThreadId(31) [2mzenoh_plugin_ros2dds[0m[2m:[0m Node /planning/planning_validator declares Publisher /parameter_events: rcl_interfaces/msg/ParameterEvent - Allowed
autoware_zenoh_bridge-1    | [2m2025-08-17T14:50:30.970405Z[0m [32m INFO[0m tokio-runtime-worker ThreadId(31) [2mzenoh_plugin_ros2dds[0m[2m:[0m Node /planning/planning_validator declares Publisher /planning/scenario_planning/trajectory: autoware_planning_msgs/msg/Trajectory - Allowed
autoware_zenoh_bridge-1    | [2m2025-08-17T14:50:30.970477Z[0m [32m INFO[0m tokio-runtime-worker ThreadId(31) [2mzenoh_plugin_ros2dds[0m[2m:[0m Node /control/control_container declares Subscriber /parameter_events: rcl_interfaces/msg/ParameterEvent - Allowed
