autoware_zenoh_bridge-1    | [2m2025-08-17T14:50:31.374359Z[0m [32m INFO[0m tokio-runtime-worker ThreadId(31) [2mzenoh_plugin_ros2dds[0m[2m:[0m Node /default_adapi/helpers/autoware_routing_adaptor declares Subscriber /rviz/routing/rough_goal: geometry_msgs/msg/PoseStamped - Allowed
visualizer_zenoh_bridge-1  | [2m2025-08-17T14:50:31.374848Z[0m [32m INFO[0m tokio-runtime-worker ThreadId(31) [2mzenoh_plugin_ros2dds[0m[2m:[0m Remote bridge e89ce47b3dcd51f5471cd3ad1b627254 announces Publisher perception/object_recognition/objects - Allowed
visualizer_zenoh_bridge-1  | [2m2025-08-17T14:50:31.374926Z[0m [32m INFO[0m tokio-runtime-worker ThreadId(31) [2mzenoh_plugin_ros2dds[0m[2m:[0m Remote bridge e89ce47b3dcd51f5471cd3ad1b627254 announces Subscriber rviz/routing/rough_goal - Allowed
autoware_zenoh_bridge-1    | [2m2025-08-17T14:50:31.374712Z[0m [32m INFO[0m tokio-runtime-worker ThreadId(31) [2mzenoh_plugin_ros2dds[0m[2m:[0m Node /default_adapi/helpers/autoware_routing_adaptor declares Subscriber /api/routing/state: autoware_adapi_v1_msgs/msg/RouteState - Allowed
autoware_zenoh_bridge-1    | [2m2025-08-17T14:50:31.374760Z[0m [32m INFO[0m tokio-runtime-worker ThreadId(31) [2mzenoh_plugin_ros2dds[0m[2m:[0m Node /default_adapi/helpers/autoware_routing_adaptor declares Subscriber /planning/mission_planning/goal: geometry_msgs/msg/PoseStamped - Allowed
autoware_zenoh_bridge-1    | [2m2025-08-17T14:50:31.374940Z[0m [32m INFO[0m tokio-runtime-worker ThreadId(31) [2mzenoh_plugin_ros2dds[0m[2m:[0m Node /default_adapi/helpers/autoware_routing_adaptor declares Subscriber /planning/mission_planning/checkpoint: geometry_msgs/msg/PoseStamped - Allowed
autoware_zenoh_bridge-1    | [2m2025-08-17T14:50:31.375100Z[0m [32m INFO[0m tokio-runtime-worker ThreadId(31) [2mzenoh_plugin_ros2dds[0m[2m:[0m Node /default_adapi/helpers/autoware_routing_adaptor declares Publisher /parameter_events: rcl_interfaces/msg/ParameterEvent - Allowed
visualizer_zenoh_bridge-1  | [2m2025-08-17T14:50:31.375174Z[0m [32m INFO[0m tokio-runtime-worker ThreadId(31) [2mzenoh_plugin_ros2dds[0m[2m:[0m Remote bridge e89ce47b3dcd51f5471cd3ad1b627254 announces Subscriber planning/mission_planning/goal - Allowed
autoware_zenoh_bridge-1    | [2m2025-08-17T14:50:31.375170Z[0m [32m INFO[0m tokio-runtime-worker ThreadId(31) [2mzenoh_plugin_ros2dds[0m[2m:[0m Node /default_adapi/helpers/autoware_routing_adaptor declares Service Client /api/routing/clear_route: autoware_adapi_v1_msgs/srv/ClearRoute - Allowed
autoware_zenoh_bridge-1    | [2m2025-08-17T14:50:31.375203Z[0m [32m INFO[0m tokio-runtime-worker ThreadId(31) [2mzenoh_plugin_ros2dds[0m[2m:[0m Node /default_adapi/helpers/autoware_routing_adaptor declares Publisher /rosout: rcl_interfaces/msg/Log - Allowed
autoware_zenoh_bridge-1    | [2m2025-08-17T14:50:31.375232Z[0m [32m INFO[0m tokio-runtime-worker ThreadId(31) [2mzenoh_plugin_ros2dds[0m[2m:[0m Node /awapi/ready_module_relay declares Publisher /rosout: rcl_interfaces/msg/Log - Allowed
visualizer_zenoh_bridge-1  | [2m2025-08-17T14:50:31.375355Z[0m [32m INFO[0m tokio-runtime-worker ThreadId(31) [2mzenoh_plugin_ros2dds[0m[2m:[0m Remote bridge e89ce47b3dcd51f5471cd3ad1b627254 announces Subscriber planning/mission_planning/checkpoint - Allowed
autoware-1                 | [component_container_mt-44] [INFO] [1755442231.180109491] [autoware_api.external.autoware_iv_adaptor]: Load Library: /opt/autoware/lib/libautoware_iv_external_api_adaptor.so
autoware-1                 | [INFO] [launch_ros.actions.load_composable_nodes]: Loaded node '/awapi/ready_module_relay' in container '/awapi/awapi_relay_container'
autoware_zenoh_bridge-1    | [2m2025-08-17T14:50:31.378005Z[0m [32m INFO[0m tokio-runtime-worker ThreadId(10) [2mzenoh_plugin_ros2dds[0m[2m:[0m Node /awapi/ready_module_relay declares Publisher /parameter_events: rcl_interfaces/msg/ParameterEvent - Allowed
autoware-1                 | [INFO] [launch_ros.actions.load_composable_nodes]: Loaded node '/autoware_api/external/cpu_usage' in container '/autoware_api/external/autoware_iv_adaptor'
autoware-1                 | [component_container_mt-45] [INFO] [1755442231.191052047] [autoware_api.internal.autoware_iv_adaptor]: Load Library: /opt/autoware/lib/libautoware_iv_internal_api_adaptor.so
autoware-1                 | [autoware_path_distance_calculator_node-49] [WARN] [1755442231.101514573] [autoware_api.utils.path_distance_calculator]: failed to get transform from map to base_link: "map" passed to lookupTransform argument target_frame does not exist. 
autoware-1                 | [autoware_path_distance_calculator_node-49] [WARN] [1755442231.101619436] [autoware_api.utils.path_distance_calculator]: no pose
autoware-1                 | [routing_adaptor_node-55] [WARN] [1755442231.131726409] [default_adapi.helpers.autoware_routing_adaptor]: New publisher discovered on topic '/api/routing/state', offering incompatible QoS. No messages will be sent to it. Last incompatible policy: DURABILITY_QOS_POLICY
autoware-1                 | [multi_object_tracker_node-58] [INFO] [1755442231.084939754] [perception.object_recognition.tracking.multi_object_tracker]: InputManager::init Initializing detected_objects input stream from /perception/object_recognition/detection/objects
autoware-1                 | [component_container_mt-45] [INFO] [1755442231.201494427] [autoware_api.internal.autoware_iv_adaptor]: Found class: rclcpp_components::NodeFactoryTemplate<internal_api::IVMsgs>
autoware-1                 | [component_container_mt-45] [INFO] [1755442231.201576442] [autoware_api.internal.autoware_iv_adaptor]: Instantiate class: rclcpp_components::NodeFactoryTemplate<internal_api::IVMsgs>
autoware-1                 | [component_container_mt-39] [INFO] [1755442231.212917241] [control.control_container]: Found class: rclcpp_components::NodeFactoryTemplate<autoware::motion::control::trajectory_follower_node::Controller>
autoware-1                 | [component_container_mt-39] [INFO] [1755442231.212965066] [control.control_container]: Instantiate class: rclcpp_components::NodeFactoryTemplate<autoware::motion::control::trajectory_follower_node::Controller>
autoware-1                 | [component_container_mt-44] [INFO] [1755442231.213569542] [autoware_api.external.autoware_iv_adaptor]: Found class: rclcpp_components::NodeFactoryTemplate<external_api::CalibrationStatus>
autoware-1                 | [component_container_mt-44] [INFO] [1755442231.213620589] [autoware_api.external.autoware_iv_adaptor]: Instantiate class: rclcpp_components::NodeFactoryTemplate<external_api::CalibrationStatus>
autoware-1                 | [component_container_mt-28] [WARN] [1755442231.217092921] [planning.mission_planning.mission_planner]: New publisher discovered on topic '/planning/scenario_planning/modified_goal', offering incompatible QoS. No messages will be sent to it. Last incompatible policy: DURABILITY_QOS_POLICY
autoware-1                 | [INFO] [launch_ros.actions.load_composable_nodes]: Loaded node '/planning/mission_planning/glog_component' in container '/planning/mission_planning/mission_planner_container'
autoware-1                 | [component_container_mt-28] [INFO] [1755442231.233106661] [planning.mission_planning.mission_planner_container]: Found class: rclcpp_components::NodeFactoryTemplate<autoware::mission_planner_universe::MissionPlanner>
autoware-1                 | [component_container_mt-28] [INFO] [1755442231.233163889] [planning.mission_planning.mission_planner_container]: Found class: rclcpp_components::NodeFactoryTemplate<autoware::mission_planner_universe::RouteSelector>
autoware-1                 | [component_container_mt-28] [INFO] [1755442231.233179839] [planning.mission_planning.mission_planner_container]: Instantiate class: rclcpp_components::NodeFactoryTemplate<autoware::mission_planner_universe::RouteSelector>
autoware-1                 | [component_container_mt-43] [INFO] [1755442231.235099555] [awapi.awapi_relay_container]: Found class: rclcpp_components::NodeFactoryTemplate<topic_tools::RelayNode>
autoware-1                 | [component_container_mt-43] [INFO] [1755442231.235150600] [awapi.awapi_relay_container]: Instantiate class: rclcpp_components::NodeFactoryTemplate<topic_tools::RelayNode>
autoware-1                 | [component_container-32] [INFO] [1755442231.255620724] [planning.scenario_planning.velocity_smoother_container]: Load Library: /opt/autoware/lib/libautoware_velocity_smoother_node.so
autoware-1                 | [INFO] [launch_ros.actions.load_composable_nodes]: Loaded node '/awapi/force_available_relay' in container '/awapi/awapi_relay_container'
autoware-1                 | [INFO] [launch_ros.actions.load_composable_nodes]: Loaded node '/autoware_api/external/diagnostics' in container '/autoware_api/external/autoware_iv_adaptor'
autoware-1                 | [component_container-32] [INFO] [1755442231.264942504] [planning.scenario_planning.velocity_smoother_container]: Found class: rclcpp_components::NodeFactoryTemplate<autoware::velocity_smoother::VelocitySmootherNode>
autoware-1                 | [component_container-32] [INFO] [1755442231.265001382] [planning.scenario_planning.velocity_smoother_container]: Instantiate class: rclcpp_components::NodeFactoryTemplate<autoware::velocity_smoother::VelocitySmootherNode>
autoware-1                 | [component_container_mt-43] [INFO] [1755442231.272548069] [awapi.awapi_relay_container]: Found class: rclcpp_components::NodeFactoryTemplate<topic_tools::RelayNode>
autoware-1                 | [component_container_mt-43] [INFO] [1755442231.272590411] [awapi.awapi_relay_container]: Instantiate class: rclcpp_components::NodeFactoryTemplate<topic_tools::RelayNode>
autoware-1                 | [component_container_mt-33] [INFO] [1755442231.280517743] [planning.scenario_planning.lane_driving.behavior_planning.behavior_planning_container]: Found class: rclcpp_components::NodeFactoryTemplate<autoware::behavior_velocity_planner::BehaviorVelocityPlannerNode>
autoware-1                 | [component_container_mt-33] [INFO] [1755442231.280572233] [planning.scenario_planning.lane_driving.behavior_planning.behavior_planning_container]: Instantiate class: rclcpp_components::NodeFactoryTemplate<autoware::behavior_velocity_planner::BehaviorVelocityPlannerNode>
autoware-1                 | [component_container_mt-28] [INFO] [1755442231.289635502] [planning.mission_planning.mission_planner]: waiting lanelet map... Route API is not ready.
autoware-1                 | [component_container_mt-35] [INFO] [1755442231.305737379] [planning.scenario_planning.parking.parking_container]: Load Library: /opt/autoware/lib/libcostmap_generator_node.so
autoware-1                 | [component_container_mt-40] [INFO] [1755442231.317776038] [control.control_check_container]: Load Library: /opt/autoware/lib/libautoware_lane_departure_checker.so
autoware-1                 | [component_container_mt-34] [INFO] [1755442231.324122893] [planning.scenario_planning.lane_driving.motion_planning.motion_planning_container]: Found class: rclcpp_components::NodeFactoryTemplate<autoware::motion_velocity_planner::MotionVelocityPlannerNode>
autoware-1                 | [component_container_mt-34] [INFO] [1755442231.324177429] [planning.scenario_planning.lane_driving.motion_planning.motion_planning_container]: Instantiate class: rclcpp_components::NodeFactoryTemplate<autoware::motion_velocity_planner::MotionVelocityPlannerNode>
autoware-1                 | [component_container_mt-28] [INFO] [1755442231.325616763] [planning.mission_planning.mission_planner_container]: Load Library: /opt/autoware/lib/libautoware_glog_component.so
autoware-1                 | [component_container_mt-28] [INFO] [1755442231.327439113] [planning.mission_planning.mission_planner_container]: Found class: rclcpp_components::NodeFactoryTemplate<autoware::glog_component::GlogComponent>
autoware-1                 | [component_container_mt-28] [INFO] [1755442231.327483036] [planning.mission_planning.mission_planner_container]: Instantiate class: rclcpp_components::NodeFactoryTemplate<autoware::glog_component::GlogComponent>
autoware-1                 | [component_container_mt-25] [INFO] [1755442231.328460246] [map.map_container]: Found class: rclcpp_components::NodeFactoryTemplate<autoware::map_loader::PointCloudMapLoaderNode>
autoware-1                 | [component_container_mt-25] [INFO] [1755442231.328501009] [map.map_container]: Instantiate class: rclcpp_components::NodeFactoryTemplate<autoware::map_loader::PointCloudMapLoaderNode>
autoware-1                 | [component_container_mt-44] [INFO] [1755442231.332817099] [autoware_api.external.autoware_iv_adaptor]: Found class: rclcpp_components::NodeFactoryTemplate<external_api::CalibrationStatus>
autoware-1                 | [component_container_mt-44] [INFO] [1755442231.332873003] [autoware_api.external.autoware_iv_adaptor]: Found class: rclcpp_components::NodeFactoryTemplate<external_api::CpuUsage>
autoware-1                 | [component_container_mt-44] [INFO] [1755442231.332888792] [autoware_api.external.autoware_iv_adaptor]: Instantiate class: rclcpp_components::NodeFactoryTemplate<external_api::CpuUsage>
autoware-1                 | [component_container_mt-40] [INFO] [1755442231.339289992] [control.control_check_container]: Found class: rclcpp_components::NodeFactoryTemplate<autoware::lane_departure_checker::LaneDepartureCheckerNode>
autoware-1                 | [component_container_mt-40] [INFO] [1755442231.339342431] [control.control_check_container]: Instantiate class: rclcpp_components::NodeFactoryTemplate<autoware::lane_departure_checker::LaneDepartureCheckerNode>
autoware-1                 | [component_container_mt-43] [INFO] [1755442231.354545203] [awapi.awapi_relay_container]: Found class: rclcpp_components::NodeFactoryTemplate<topic_tools::RelayNode>
autoware-1                 | [component_container_mt-43] [INFO] [1755442231.354711571] [awapi.awapi_relay_container]: Instantiate class: rclcpp_components::NodeFactoryTemplate<topic_tools::RelayNode>
autoware-1                 | [component_container_mt-44] [INFO] [1755442231.387825370] [autoware_api.external.autoware_iv_adaptor]: Found class: rclcpp_components::NodeFactoryTemplate<external_api::CalibrationStatus>
autoware-1                 | [component_container_mt-44] [INFO] [1755442231.387871255] [autoware_api.external.autoware_iv_adaptor]: Found class: rclcpp_components::NodeFactoryTemplate<external_api::CpuUsage>
autoware-1                 | [component_container_mt-44] [INFO] [1755442231.387878700] [autoware_api.external.autoware_iv_adaptor]: Found class: rclcpp_components::NodeFactoryTemplate<external_api::Diagnostics>
autoware-1                 | [component_container_mt-44] [INFO] [1755442231.387885702] [autoware_api.external.autoware_iv_adaptor]: Instantiate class: rclcpp_components::NodeFactoryTemplate<external_api::Diagnostics>
autoware-1                 | [component_container_mt-43] [INFO] [1755442231.388867669] [awapi.awapi_relay_container]: Found class: rclcpp_components::NodeFactoryTemplate<topic_tools::RelayNode>
autoware-1                 | [component_container_mt-43] [INFO] [1755442231.388908258] [awapi.awapi_relay_container]: Instantiate class: rclcpp_components::NodeFactoryTemplate<topic_tools::RelayNode>
autoware-1                 | [INFO] [launch_ros.actions.load_composable_nodes]: Loaded node '/planning/scenario_planning/velocity_smoother' in container '/planning/scenario_planning/velocity_smoother_container'
autoware_zenoh_bridge-1    | [2m2025-08-17T14:50:31.441258Z[0m [32m INFO[0m tokio-runtime-worker ThreadId(31) [2mzenoh_plugin_ros2dds[0m[2m:[0m Node /planning/mission_planning/glog_component declares Publisher /rosout: rcl_interfaces/msg/Log - Allowed
autoware-1                 | [component_container_mt-44] [INFO] [1755442231.425789695] [autoware_api.external.autoware_iv_adaptor]: Found class: rclcpp_components::NodeFactoryTemplate<external_api::CalibrationStatus>
autoware-1                 | [component_container_mt-44] [INFO] [1755442231.425837056] [autoware_api.external.autoware_iv_adaptor]: Found class: rclcpp_components::NodeFactoryTemplate<external_api::CpuUsage>
autoware-1                 | [component_container_mt-44] [INFO] [1755442231.425846708] [autoware_api.external.autoware_iv_adaptor]: Found class: rclcpp_components::NodeFactoryTemplate<external_api::Diagnostics>
autoware-1                 | [component_container_mt-44] [INFO] [1755442231.425854019] [autoware_api.external.autoware_iv_adaptor]: Found class: rclcpp_components::NodeFactoryTemplate<external_api::Door>
autoware-1                 | [component_container_mt-44] [INFO] [1755442231.425861277] [autoware_api.external.autoware_iv_adaptor]: Instantiate class: rclcpp_components::NodeFactoryTemplate<external_api::Door>
autoware-1                 | [component_container-32] [INFO] [1755442231.450091983] [planning.scenario_planning.velocity_smoother_container]: Load Library: /opt/autoware/lib/libautoware_glog_component.so
autoware-1                 | [component_container-32] [INFO] [1755442231.456203132] [planning.scenario_planning.velocity_smoother_container]: Found class: rclcpp_components::NodeFactoryTemplate<autoware::glog_component::GlogComponent>
autoware-1                 | [component_container-32] [INFO] [1755442231.456271192] [planning.scenario_planning.velocity_smoother_container]: Instantiate class: rclcpp_components::NodeFactoryTemplate<autoware::glog_component::GlogComponent>
autoware_zenoh_bridge-1    | [2m2025-08-17T14:50:31.470712Z[0m [32m INFO[0m tokio-runtime-worker ThreadId(31) [2mzenoh_plugin_ros2dds::discovered_entities[0m[2m:[0m Discovered ROS Node /vehicle_door_simulator_node
autoware_zenoh_bridge-1    | [2m2025-08-17T14:50:31.471107Z[0m [32m INFO[0m tokio-runtime-worker ThreadId(31) [2mzenoh_plugin_ros2dds::discovered_entities[0m[2m:[0m Discovered ROS Node /awapi/force_available_relay
autoware_zenoh_bridge-1    | [2m2025-08-17T14:50:31.471180Z[0m [32m INFO[0m tokio-runtime-worker ThreadId(31) [2mzenoh_plugin_ros2dds::discovered_entities[0m[2m:[0m Discovered ROS Node /control/control_evaluator
autoware_zenoh_bridge-1    | [2m2025-08-17T14:50:31.471286Z[0m [32m INFO[0m tokio-runtime-worker ThreadId(31) [2mzenoh_plugin_ros2dds::discovered_entities[0m[2m:[0m Discovered ROS Node /scenario_simulator_v2_adapter
autoware_zenoh_bridge-1    | [2m2025-08-17T14:50:31.471855Z[0m [32m INFO[0m tokio-runtime-worker ThreadId(31) [2mzenoh_plugin_ros2dds::discovered_entities[0m[2m:[0m Discovered ROS Node /autoware_api/external/diagnostics
autoware_zenoh_bridge-1    | [2m2025-08-17T14:50:31.471892Z[0m [32m INFO[0m tokio-runtime-worker ThreadId(31) [2mzenoh_plugin_ros2dds::discovered_entities[0m[2m:[0m Discovered ROS Node /autoware_api/external/door
autoware_zenoh_bridge-1    | [2m2025-08-17T14:50:31.472017Z[0m [32m INFO[0m tokio-runtime-worker ThreadId(31) [2mzenoh_plugin_ros2dds::discovered_entities[0m[2m:[0m Discovered ROS Node /planning/scenario_planning/glog_component
autoware_zenoh_bridge-1    | [2m2025-08-17T14:50:31.472397Z[0m [32m INFO[0m tokio-runtime-worker ThreadId(31) [2mzenoh_plugin_ros2dds[0m[2m:[0m Node /control/trajectory_follower/controller_node_exe declares Publisher /control/trajectory_follower/controller_node_exe/debug/predicted_trajectory_in_frenet_coordinate: autoware_planning_msgs/msg/Trajectory - Allowed
visualizer_zenoh_bridge-1  | [2m2025-08-17T14:50:31.472939Z[0m [32m INFO[0m tokio-runtime-worker ThreadId(02) [2mzenoh_plugin_ros2dds[0m[2m:[0m Remote bridge e89ce47b3dcd51f5471cd3ad1b627254 announces Publisher control/trajectory_follower/controller_node_exe/debug/predicted_trajectory_in_frenet_coordinate - Allowed
autoware_zenoh_bridge-1    | [2m2025-08-17T14:50:31.472593Z[0m [32m INFO[0m tokio-runtime-worker ThreadId(31) [2mzenoh_plugin_ros2dds[0m[2m:[0m Node /map/pointcloud_map_loader declares Publisher /parameter_events: rcl_interfaces/msg/ParameterEvent - Allowed
autoware_zenoh_bridge-1    | [2m2025-08-17T14:50:31.472616Z[0m [32m INFO[0m tokio-runtime-worker ThreadId(31) [2mzenoh_plugin_ros2dds[0m[2m:[0m Node /vehicle_door_simulator_node declares Subscriber /parameter_events: rcl_interfaces/msg/ParameterEvent - Allowed
autoware_zenoh_bridge-1    | [2m2025-08-17T14:50:31.472632Z[0m [32m INFO[0m tokio-runtime-worker ThreadId(31) [2mzenoh_plugin_ros2dds[0m[2m:[0m Node /vehicle_door_simulator_node declares Publisher /parameter_events: rcl_interfaces/msg/ParameterEvent - Allowed
autoware_zenoh_bridge-1    | [2m2025-08-17T14:50:31.472661Z[0m [32m INFO[0m tokio-runtime-worker ThreadId(31) [2mzenoh_plugin_ros2dds[0m[2m:[0m Node /vehicle_door_simulator_node declares Publisher /rosout: rcl_interfaces/msg/Log - Allowed
autoware_zenoh_bridge-1    | [2m2025-08-17T14:50:31.472683Z[0m [32m INFO[0m tokio-runtime-worker ThreadId(31) [2mzenoh_plugin_ros2dds[0m[2m:[0m Node /adapi/node/autoware_state declares Subscriber /parameter_events: rcl_interfaces/msg/ParameterEvent - Allowed
autoware_zenoh_bridge-1    | [2m2025-08-17T14:50:31.472697Z[0m [32m INFO[0m tokio-runtime-worker ThreadId(31) [2mzenoh_plugin_ros2dds[0m[2m:[0m Node /adapi/node/autoware_state declares Publisher /parameter_events: rcl_interfaces/msg/ParameterEvent - Allowed
autoware_zenoh_bridge-1    | [2m2025-08-17T14:50:31.472706Z[0m [32m INFO[0m tokio-runtime-worker ThreadId(31) [2mzenoh_plugin_ros2dds[0m[2m:[0m Node /control/trajectory_follower/lane_departure_checker_node declares Subscriber /parameter_events: rcl_interfaces/msg/ParameterEvent - Allowed
autoware_zenoh_bridge-1    | [2m2025-08-17T14:50:31.472717Z[0m [32m INFO[0m tokio-runtime-worker ThreadId(31) [2mzenoh_plugin_ros2dds[0m[2m:[0m Node /control/trajectory_follower/lane_departure_checker_node declares Publisher /parameter_events: rcl_interfaces/msg/ParameterEvent - Allowed
autoware_zenoh_bridge-1    | [2m2025-08-17T14:50:31.472726Z[0m [32m INFO[0m tokio-runtime-worker ThreadId(31) [2mzenoh_plugin_ros2dds[0m[2m:[0m Node /awapi/ready_module_relay declares Subscriber /parameter_events: rcl_interfaces/msg/ParameterEvent - Allowed
autoware_zenoh_bridge-1    | [2m2025-08-17T14:50:31.472734Z[0m [32m INFO[0m tokio-runtime-worker ThreadId(31) [2mzenoh_plugin_ros2dds[0m[2m:[0m Node /awapi/force_available_relay declares Publisher /rosout: rcl_interfaces/msg/Log - Allowed
autoware_zenoh_bridge-1    | [2m2025-08-17T14:50:31.472748Z[0m [32m INFO[0m tokio-runtime-worker ThreadId(31) [2mzenoh_plugin_ros2dds[0m[2m:[0m Node /control/control_evaluator declares Subscriber /parameter_events: rcl_interfaces/msg/ParameterEvent - Allowed
autoware_zenoh_bridge-1    | [2m2025-08-17T14:50:31.472763Z[0m [32m INFO[0m tokio-runtime-worker ThreadId(31) [2mzenoh_plugin_ros2dds[0m[2m:[0m Node /control/control_evaluator declares Subscriber /planning/scenario_planning/trajectory: autoware_planning_msgs/msg/Trajectory - Allowed
autoware_zenoh_bridge-1    | [2m2025-08-17T14:50:31.472782Z[0m [32m INFO[0m tokio-runtime-worker ThreadId(31) [2mzenoh_plugin_ros2dds[0m[2m:[0m Node /control/control_evaluator declares Subscriber /vehicle/status/steering_status: autoware_vehicle_msgs/msg/SteeringReport - Allowed
autoware_zenoh_bridge-1    | [2m2025-08-17T14:50:31.472877Z[0m [32m INFO[0m tokio-runtime-worker ThreadId(31) [2mzenoh_plugin_ros2dds[0m[2m:[0m Node /control/control_evaluator declares Publisher /rosout: rcl_interfaces/msg/Log - Allowed
autoware_zenoh_bridge-1    | [2m2025-08-17T14:50:31.472891Z[0m [32m INFO[0m tokio-runtime-worker ThreadId(31) [2mzenoh_plugin_ros2dds[0m[2m:[0m Node /control/control_evaluator declares Publisher /parameter_events: rcl_interfaces/msg/ParameterEvent - Allowed
autoware_zenoh_bridge-1    | [2m2025-08-17T14:50:31.472900Z[0m [32m INFO[0m tokio-runtime-worker ThreadId(31) [2mzenoh_plugin_ros2dds[0m[2m:[0m Node /scenario_simulator_v2_adapter declares Subscriber /parameter_events: rcl_interfaces/msg/ParameterEvent - Allowed
autoware_zenoh_bridge-1    | [2m2025-08-17T14:50:31.472915Z[0m [32m INFO[0m tokio-runtime-worker ThreadId(31) [2mzenoh_plugin_ros2dds[0m[2m:[0m Node /scenario_simulator_v2_adapter declares Publisher /rosout: rcl_interfaces/msg/Log - Allowed
autoware_zenoh_bridge-1    | [2m2025-08-17T14:50:31.472932Z[0m [32m INFO[0m tokio-runtime-worker ThreadId(31) [2mzenoh_plugin_ros2dds[0m[2m:[0m Node /scenario_simulator_v2_adapter declares Publisher /parameter_events: rcl_interfaces/msg/ParameterEvent - Allowed
autoware_zenoh_bridge-1    | [2m2025-08-17T14:50:31.473038Z[0m [32m INFO[0m tokio-runtime-worker ThreadId(31) [2mzenoh_plugin_ros2dds[0m[2m:[0m Node /planning/scenario_planning/lane_driving/behavior_planning/behavior_velocity_planner declares Subscriber /perception/object_recognition/objects: autoware_perception_msgs/msg/PredictedObjects - Allowed
autoware_zenoh_bridge-1    | [2m2025-08-17T14:50:31.473072Z[0m [32m INFO[0m tokio-runtime-worker ThreadId(31) [2mzenoh_plugin_ros2dds[0m[2m:[0m Node /planning/scenario_planning/lane_driving/behavior_planning/behavior_velocity_planner declares Subscriber /perception/obstacle_segmentation/pointcloud: sensor_msgs/msg/PointCloud2 - Allowed
autoware_zenoh_bridge-1    | [2m2025-08-17T14:50:31.473086Z[0m [32m INFO[0m tokio-runtime-worker ThreadId(31) [2mzenoh_plugin_ros2dds[0m[2m:[0m Node /planning/scenario_planning/lane_driving/behavior_planning/behavior_velocity_planner declares Subscriber /planning/scenario_planning/max_velocity_default: autoware_internal_planning_msgs/msg/VelocityLimit - Allowed
autoware_zenoh_bridge-1    | [2m2025-08-17T14:50:31.473097Z[0m [32m INFO[0m tokio-runtime-worker ThreadId(31) [2mzenoh_plugin_ros2dds[0m[2m:[0m Node /planning/scenario_planning/lane_driving/motion_planning/transform_listener_impl_74377005b968 declares Subscriber /tf: tf2_msgs/msg/TFMessage - Allowed
autoware_zenoh_bridge-1    | [2m2025-08-17T14:50:31.473107Z[0m [32m INFO[0m tokio-runtime-worker ThreadId(31) [2mzenoh_plugin_ros2dds[0m[2m:[0m Node /planning/scenario_planning/lane_driving/motion_planning/transform_listener_impl_74377005b968 declares Subscriber /parameter_events: rcl_interfaces/msg/ParameterEvent - Allowed
autoware_zenoh_bridge-1    | [2m2025-08-17T14:50:31.473119Z[0m [32m INFO[0m tokio-runtime-worker ThreadId(31) [2mzenoh_plugin_ros2dds[0m[2m:[0m Node /planning/scenario_planning/lane_driving/motion_planning/transform_listener_impl_74377005b968 declares Subscriber /tf_static: tf2_msgs/msg/TFMessage - Allowed
autoware_zenoh_bridge-1    | [2m2025-08-17T14:50:31.473129Z[0m [32m INFO[0m tokio-runtime-worker ThreadId(31) [2mzenoh_plugin_ros2dds[0m[2m:[0m Node /planning/scenario_planning/lane_driving/motion_planning/motion_velocity_planner declares Subscriber /perception/obstacle_segmentation/pointcloud: sensor_msgs/msg/PointCloud2 - Allowed
autoware_zenoh_bridge-1    | [2m2025-08-17T14:50:31.473139Z[0m [32m INFO[0m tokio-runtime-worker ThreadId(31) [2mzenoh_plugin_ros2dds[0m[2m:[0m Node /planning/scenario_planning/lane_driving/motion_planning/motion_velocity_planner declares Subscriber /perception/object_recognition/objects: autoware_perception_msgs/msg/PredictedObjects - Allowed
autoware_zenoh_bridge-1    | [2m2025-08-17T14:50:31.473226Z[0m [32m INFO[0m tokio-runtime-worker ThreadId(31) [2mzenoh_plugin_ros2dds[0m[2m:[0m Node /autoware_api/external/diagnostics declares Publisher /rosout: rcl_interfaces/msg/Log - Allowed
autoware_zenoh_bridge-1    | [2m2025-08-17T14:50:31.473238Z[0m [32m INFO[0m tokio-runtime-worker ThreadId(31) [2mzenoh_plugin_ros2dds[0m[2m:[0m Node /planning/scenario_planning/glog_component declares Publisher /rosout: rcl_interfaces/msg/Log - Allowed
autoware_zenoh_bridge-1    | [2m2025-08-17T14:50:31.473283Z[0m [32m INFO[0m tokio-runtime-worker ThreadId(31) [2mzenoh_plugin_ros2dds[0m[2m:[0m Node /planning/scenario_planning/velocity_smoother declares Publisher /planning/scenario_planning/current_max_velocity: autoware_internal_planning_msgs/msg/VelocityLimit - Allowed
autoware_zenoh_bridge-1    | [2m2025-08-17T14:50:31.473398Z[0m [32m INFO[0m tokio-runtime-worker ThreadId(31) [2mzenoh_plugin_ros2dds[0m[2m:[0m Node /planning/scenario_planning/velocity_smoother declares Publisher /planning/scenario_planning/velocity_smoother/virtual_wall: visualization_msgs/msg/MarkerArray - Allowed
visualizer_zenoh_bridge-1  | [2m2025-08-17T14:50:31.480949Z[0m [32m INFO[0m tokio-runtime-worker ThreadId(02) [2mzenoh_plugin_ros2dds[0m[2m:[0m Remote bridge e89ce47b3dcd51f5471cd3ad1b627254 announces Publisher planning/scenario_planning/current_max_velocity - Allowed
visualizer_zenoh_bridge-1  | [2m2025-08-17T14:50:31.481152Z[0m [32m INFO[0m tokio-runtime-worker ThreadId(02) [2mzenoh_plugin_ros2dds[0m[2m:[0m Remote bridge e89ce47b3dcd51f5471cd3ad1b627254 announces Publisher planning/scenario_planning/velocity_smoother/virtual_wall - Allowed
autoware-1                 | [component_container_mt-45] [INFO] [1755442231.468425250] [autoware_api.internal.autoware_iv_adaptor]: Found class: rclcpp_components::NodeFactoryTemplate<internal_api::IVMsgs>
autoware-1                 | [component_container_mt-45] [INFO] [1755442231.468478539] [autoware_api.internal.autoware_iv_adaptor]: Found class: rclcpp_components::NodeFactoryTemplate<internal_api::Operator>
autoware-1                 | [component_container_mt-45] [INFO] [1755442231.468488261] [autoware_api.internal.autoware_iv_adaptor]: Instantiate class: rclcpp_components::NodeFactoryTemplate<internal_api::Operator>
autoware-1                 | [INFO] [launch_ros.actions.load_composable_nodes]: Loaded node '/autoware_api/external/door' in container '/autoware_api/external/autoware_iv_adaptor'
autoware-1                 | [component_container_mt-43] [INFO] [1755442231.497574618] [awapi.awapi_relay_container]: Found class: rclcpp_components::NodeFactoryTemplate<topic_tools::RelayNode>
autoware-1                 | [component_container_mt-43] [INFO] [1755442231.497638974] [awapi.awapi_relay_container]: Instantiate class: rclcpp_components::NodeFactoryTemplate<topic_tools::RelayNode>
autoware_zenoh_bridge-1    | [2m2025-08-17T14:50:31.509897Z[0m [32m INFO[0m tokio-runtime-worker ThreadId(03) [2mzenoh_plugin_ros2dds[0m[2m:[0m Node /control/trajectory_follower/lane_departure_checker_node declares Subscriber /planning/scenario_planning/trajectory: autoware_planning_msgs/msg/Trajectory - Allowed
autoware_zenoh_bridge-1    | [2m2025-08-17T14:50:31.510906Z[0m [32m INFO[0m tokio-runtime-worker ThreadId(03) [2mzenoh_plugin_ros2dds[0m[2m:[0m Node /control/trajectory_follower/lane_departure_checker_node declares Subscriber /api/operation_mode/state: autoware_adapi_v1_msgs/msg/OperationModeState - Allowed
autoware-1                 | [INFO] [launch_ros.actions.load_composable_nodes]: Loaded node '/autoware_api/internal/operator' in container '/autoware_api/internal/autoware_iv_adaptor'
autoware-1                 | [component_container_mt-44] [INFO] [1755442231.500644982] [autoware_api.external.autoware_iv_adaptor]: Found class: rclcpp_components::NodeFactoryTemplate<external_api::CalibrationStatus>
autoware-1                 | [component_container_mt-44] [INFO] [1755442231.500691131] [autoware_api.external.autoware_iv_adaptor]: Found class: rclcpp_components::NodeFactoryTemplate<external_api::CpuUsage>
autoware-1                 | [component_container_mt-44] [INFO] [1755442231.500701418] [autoware_api.external.autoware_iv_adaptor]: Found class: rclcpp_components::NodeFactoryTemplate<external_api::Diagnostics>
autoware-1                 | [component_container_mt-44] [INFO] [1755442231.500708903] [autoware_api.external.autoware_iv_adaptor]: Found class: rclcpp_components::NodeFactoryTemplate<external_api::Door>
autoware-1                 | [component_container_mt-44] [INFO] [1755442231.500716241] [autoware_api.external.autoware_iv_adaptor]: Found class: rclcpp_components::NodeFactoryTemplate<external_api::Emergency>
autoware-1                 | [component_container_mt-44] [INFO] [1755442231.500723456] [autoware_api.external.autoware_iv_adaptor]: Instantiate class: rclcpp_components::NodeFactoryTemplate<external_api::Emergency>
autoware-1                 | [INFO] [launch_ros.actions.load_composable_nodes]: Loaded node '/autoware_api/external/emergency' in container '/autoware_api/external/autoware_iv_adaptor'
autoware-1                 | [INFO] [launch_ros.actions.load_composable_nodes]: Loaded node '/adapi/node/autoware_state' in container '/adapi/container'
autoware-1                 | [INFO] [launch_ros.actions.load_composable_nodes]: Loaded node '/control/trajectory_follower/lane_departure_checker_node' in container '/control/control_check_container'
autoware_zenoh_bridge-1    | [2m2025-08-17T14:50:31.557263Z[0m [32m INFO[0m tokio-runtime-worker ThreadId(31) [2mzenoh_plugin_ros2dds[0m[2m:[0m Node /planning/mission_planning/glog_component declares Publisher /parameter_events: rcl_interfaces/msg/ParameterEvent - Allowed
autoware-1                 | [INFO] [launch_ros.actions.load_composable_nodes]: Loaded node '/adapi/node/diagnostics' in container '/adapi/container'
autoware_zenoh_bridge-1    | [2m2025-08-17T14:50:31.561551Z[0m [32m INFO[0m tokio-runtime-worker ThreadId(31) [2mzenoh_plugin_ros2dds[0m[2m:[0m Node /awapi/force_available_relay declares Publisher /parameter_events: rcl_interfaces/msg/ParameterEvent - Allowed
autoware_zenoh_bridge-1    | [2m2025-08-17T14:50:31.561775Z[0m [32m INFO[0m tokio-runtime-worker ThreadId(31) [2mzenoh_plugin_ros2dds[0m[2m:[0m Node /awapi/force_available_relay declares Subscriber /parameter_events: rcl_interfaces/msg/ParameterEvent - Allowed
autoware-1                 | [component_container_mt-45] [INFO] [1755442231.529232327] [autoware_api.internal.autoware_iv_adaptor]: Found class: rclcpp_components::NodeFactoryTemplate<internal_api::IVMsgs>
autoware-1                 | [component_container_mt-45] [INFO] [1755442231.529282470] [autoware_api.internal.autoware_iv_adaptor]: Found class: rclcpp_components::NodeFactoryTemplate<internal_api::Operator>
autoware-1                 | [component_container_mt-45] [INFO] [1755442231.529293155] [autoware_api.internal.autoware_iv_adaptor]: Found class: rclcpp_components::NodeFactoryTemplate<internal_api::Velocity>
autoware-1                 | [component_container_mt-45] [INFO] [1755442231.529301710] [autoware_api.internal.autoware_iv_adaptor]: Instantiate class: rclcpp_components::NodeFactoryTemplate<internal_api::Velocity>
autoware-1                 | [component_container_mt-53] [WARN] [1755442231.532700971] [adapi.node.autoware_state]: New publisher discovered on topic '/api/routing/state', offering incompatible QoS. No messages will be sent to it. Last incompatible policy: DURABILITY_QOS_POLICY
autoware_zenoh_bridge-1    | [2m2025-08-17T14:50:31.571552Z[0m [32m INFO[0m tokio-runtime-worker ThreadId(10) [2mzenoh_plugin_ros2dds::discovered_entities[0m[2m:[0m Discovered ROS Node /adapi/node/diagnostics
autoware_zenoh_bridge-1    | [2m2025-08-17T14:50:31.571750Z[0m [32m INFO[0m tokio-runtime-worker ThreadId(10) [2mzenoh_plugin_ros2dds::discovered_entities[0m[2m:[0m Discovered ROS Node /adapi/node/fail_safe
autoware_zenoh_bridge-1    | [2m2025-08-17T14:50:31.571904Z[0m [32m INFO[0m tokio-runtime-worker ThreadId(10) [2mzenoh_plugin_ros2dds::discovered_entities[0m[2m:[0m Discovered ROS Node /autoware_api/external/engage
autoware_zenoh_bridge-1    | [2m2025-08-17T14:50:31.571947Z[0m [32m INFO[0m tokio-runtime-worker ThreadId(10) [2mzenoh_plugin_ros2dds::discovered_entities[0m[2m:[0m Discovered ROS Node /autoware_api/external/emergency
autoware_zenoh_bridge-1    | [2m2025-08-17T14:50:31.572303Z[0m [32m INFO[0m tokio-runtime-worker ThreadId(10) [2mzenoh_plugin_ros2dds::discovered_entities[0m[2m:[0m Discovered ROS Node /autoware_api/internal/operator
autoware-1                 | [component_container_mt-53] [WARN] [1755442231.532809817] [adapi.node.autoware_state]: New publisher discovered on topic '/api/operation_mode/state', offering incompatible QoS. No messages will be sent to it. Last incompatible policy: DURABILITY_QOS_POLICY
autoware_zenoh_bridge-1    | [2m2025-08-17T14:50:31.572502Z[0m [32m INFO[0m tokio-runtime-worker ThreadId(10) [2mzenoh_plugin_ros2dds::discovered_entities[0m[2m:[0m Discovered ROS Node /autoware_api/internal/velocity
autoware_zenoh_bridge-1    | [2m2025-08-17T14:50:31.572787Z[0m [32m INFO[0m tokio-runtime-worker ThreadId(10) [2mzenoh_plugin_ros2dds::discovered_entities[0m[2m:[0m Discovered ROS Node /control/collision_detector
autoware_zenoh_bridge-1    | [2m2025-08-17T14:50:31.573172Z[0m [32m INFO[0m tokio-runtime-worker ThreadId(10) [2mzenoh_plugin_ros2dds::discovered_entities[0m[2m:[0m Discovered ROS Node /awapi/running_modules_relay
autoware_zenoh_bridge-1    | [2m2025-08-17T14:50:31.573295Z[0m [32m INFO[0m tokio-runtime-worker ThreadId(10) [2mzenoh_plugin_ros2dds::discovered_entities[0m[2m:[0m Discovered ROS Node /pose_initializer
autoware_zenoh_bridge-1    | [2m2025-08-17T14:50:31.573421Z[0m [32m INFO[0m tokio-runtime-worker ThreadId(10) [2mzenoh_plugin_ros2dds::discovered_entities[0m[2m:[0m Discovered ROS Node /autoware_api/external/rtc_controller/node
autoware_zenoh_bridge-1    | [2m2025-08-17T14:50:31.573904Z[0m [32m INFO[0m tokio-runtime-worker ThreadId(10) [2mzenoh_plugin_ros2dds[0m[2m:[0m Node /adapi/node/autoware_state declares Subscriber /api/routing/state: autoware_adapi_v1_msgs/msg/RouteState - Allowed
autoware_zenoh_bridge-1    | [2m2025-08-17T14:50:31.574054Z[0m [32m INFO[0m tokio-runtime-worker ThreadId(10) [2mzenoh_plugin_ros2dds[0m[2m:[0m Node /adapi/node/autoware_state declares Subscriber /api/operation_mode/state: autoware_adapi_v1_msgs/msg/OperationModeState - Allowed
autoware_zenoh_bridge-1    | [2m2025-08-17T14:50:31.574125Z[0m [32m INFO[0m tokio-runtime-worker ThreadId(10) [2mzenoh_plugin_ros2dds[0m[2m:[0m Node /adapi/node/autoware_state declares Subscriber /api/localization/initialization_state: autoware_adapi_v1_msgs/msg/LocalizationInitializationState - Allowed
autoware_zenoh_bridge-1    | [2m2025-08-17T14:50:31.574175Z[0m [32m INFO[0m tokio-runtime-worker ThreadId(10) [2mzenoh_plugin_ros2dds[0m[2m:[0m Node /adapi/node/diagnostics declares Subscriber /parameter_events: rcl_interfaces/msg/ParameterEvent - Allowed
autoware_zenoh_bridge-1    | [2m2025-08-17T14:50:31.574226Z[0m [32m INFO[0m tokio-runtime-worker ThreadId(10) [2mzenoh_plugin_ros2dds[0m[2m:[0m Node /adapi/node/diagnostics declares Publisher /rosout: rcl_interfaces/msg/Log - Allowed
autoware_zenoh_bridge-1    | [2m2025-08-17T14:50:31.574329Z[0m [32m INFO[0m tokio-runtime-worker ThreadId(10) [2mzenoh_plugin_ros2dds[0m[2m:[0m Node /adapi/node/diagnostics declares Publisher /parameter_events: rcl_interfaces/msg/ParameterEvent - Allowed
autoware_zenoh_bridge-1    | [2m2025-08-17T14:50:31.574441Z[0m [32m INFO[0m tokio-runtime-worker ThreadId(10) [2mzenoh_plugin_ros2dds[0m[2m:[0m Node /adapi/node/fail_safe declares Publisher /rosout: rcl_interfaces/msg/Log - Allowed
autoware_zenoh_bridge-1    | [2m2025-08-17T14:50:31.574660Z[0m [32m INFO[0m tokio-runtime-worker ThreadId(10) [2mzenoh_plugin_ros2dds[0m[2m:[0m Node /autoware_api/internal/operator declares Subscriber /parameter_events: rcl_interfaces/msg/ParameterEvent - Allowed
autoware_zenoh_bridge-1    | [2m2025-08-17T14:50:31.574723Z[0m [32m INFO[0m tokio-runtime-worker ThreadId(10) [2mzenoh_plugin_ros2dds[0m[2m:[0m Node /autoware_api/internal/operator declares Subscriber /api/autoware/get/emergency: tier4_external_api_msgs/msg/Emergency - Allowed
autoware_zenoh_bridge-1    | [2m2025-08-17T14:50:31.574934Z[0m [32m INFO[0m tokio-runtime-worker ThreadId(10) [2mzenoh_plugin_ros2dds::routes_mgr[0m[2m:[0m Route Subscriber (Zenoh:api/autoware/get/emergency -> ROS:/api/autoware/get/emergency) created
autoware_zenoh_bridge-1    | [2m2025-08-17T14:50:31.575234Z[0m [32m INFO[0m tokio-runtime-worker ThreadId(10) [2mzenoh_plugin_ros2dds[0m[2m:[0m Node /autoware_api/internal/operator declares Publisher /rosout: rcl_interfaces/msg/Log - Allowed
visualizer_zenoh_bridge-1  | [2m2025-08-17T14:50:31.575429Z[0m [32m INFO[0m tokio-runtime-worker ThreadId(31) [2mzenoh_plugin_ros2dds[0m[2m:[0m Remote bridge e89ce47b3dcd51f5471cd3ad1b627254 announces Subscriber api/autoware/get/emergency - Allowed
autoware_zenoh_bridge-1    | [2m2025-08-17T14:50:31.575415Z[0m [32m INFO[0m tokio-runtime-worker ThreadId(10) [2mzenoh_plugin_ros2dds[0m[2m:[0m Node /autoware_api/internal/operator declares Publisher /parameter_events: rcl_interfaces/msg/ParameterEvent - Allowed
autoware_zenoh_bridge-1    | [2m2025-08-17T14:50:31.575471Z[0m [32m INFO[0m tokio-runtime-worker ThreadId(10) [2mzenoh_plugin_ros2dds[0m[2m:[0m Node /awapi/running_modules_relay declares Subscriber /parameter_events: rcl_interfaces/msg/ParameterEvent - Allowed
autoware_zenoh_bridge-1    | [2m2025-08-17T14:50:31.575502Z[0m [32m INFO[0m tokio-runtime-worker ThreadId(10) [2mzenoh_plugin_ros2dds[0m[2m:[0m Node /awapi/running_modules_relay declares Publisher /rosout: rcl_interfaces/msg/Log - Allowed
autoware_zenoh_bridge-1    | [2m2025-08-17T14:50:31.575538Z[0m [32m INFO[0m tokio-runtime-worker ThreadId(10) [2mzenoh_plugin_ros2dds[0m[2m:[0m Node /awapi/running_modules_relay declares Publisher /parameter_events: rcl_interfaces/msg/ParameterEvent - Allowed
autoware_zenoh_bridge-1    | [2m2025-08-17T14:50:31.575569Z[0m [32m INFO[0m tokio-runtime-worker ThreadId(10) [2mzenoh_plugin_ros2dds[0m[2m:[0m Node /system/component_state_diagnostics declares Subscriber /api/routing/state: autoware_adapi_v1_msgs/msg/RouteState - Allowed
autoware_zenoh_bridge-1    | [2m2025-08-17T14:50:31.575606Z[0m [32m INFO[0m tokio-runtime-worker ThreadId(10) [2mzenoh_plugin_ros2dds[0m[2m:[0m Node /system/component_state_diagnostics declares Subscriber /api/localization/initialization_state: autoware_adapi_v1_msgs/msg/LocalizationInitializationState - Allowed
visualizer_zenoh_bridge-1  | [2m2025-08-17T14:50:31.575688Z[0m [32m INFO[0m tokio-runtime-worker ThreadId(31) [2mzenoh_plugin_ros2dds::routes_mgr[0m[2m:[0m Route Publisher (ROS:/api/autoware/get/emergency -> Zenoh:api/autoware/get/emergency) created
autoware_zenoh_bridge-1    | [2m2025-08-17T14:50:31.575911Z[0m [32m INFO[0m tokio-runtime-worker ThreadId(10) [2mzenoh_plugin_ros2dds[0m[2m:[0m Node /pose_initializer declares Subscriber /parameter_events: rcl_interfaces/msg/ParameterEvent - Allowed
autoware_zenoh_bridge-1    | [2m2025-08-17T14:50:31.576371Z[0m [32m INFO[0m tokio-runtime-worker ThreadId(10) [2mzenoh_plugin_ros2dds[0m[2m:[0m Node /pose_initializer declares Publisher /rosout: rcl_interfaces/msg/Log - Allowed
autoware_zenoh_bridge-1    | [2m2025-08-17T14:50:31.576559Z[0m [32m INFO[0m tokio-runtime-worker ThreadId(10) [2mzenoh_plugin_ros2dds[0m[2m:[0m Node /pose_initializer declares Publisher /parameter_events: rcl_interfaces/msg/ParameterEvent - Allowed
autoware_zenoh_bridge-1    | [2m2025-08-17T14:50:31.576832Z[0m [32m INFO[0m tokio-runtime-worker ThreadId(10) [2mzenoh_plugin_ros2dds[0m[2m:[0m Node /autoware_api/external/rtc_controller/node declares Subscriber /parameter_events: rcl_interfaces/msg/ParameterEvent - Allowed
autoware_zenoh_bridge-1    | [2m2025-08-17T14:50:31.577033Z[0m [32m INFO[0m tokio-runtime-worker ThreadId(10) [2mzenoh_plugin_ros2dds[0m[2m:[0m Node /autoware_api/external/rtc_controller/node declares Publisher /parameter_events: rcl_interfaces/msg/ParameterEvent - Allowed
autoware_zenoh_bridge-1    | [2m2025-08-17T14:50:31.577193Z[0m [32m INFO[0m tokio-runtime-worker ThreadId(10) [2mzenoh_plugin_ros2dds[0m[2m:[0m Node /autoware_api/external/rtc_controller/node declares Publisher /rosout: rcl_interfaces/msg/Log - Allowed
autoware_zenoh_bridge-1    | [2m2025-08-17T14:50:31.577364Z[0m [32m INFO[0m tokio-runtime-worker ThreadId(10) [2mzenoh_plugin_ros2dds[0m[2m:[0m Node /map/pointcloud_map_loader declares Subscriber /parameter_events: rcl_interfaces/msg/ParameterEvent - Allowed
autoware_zenoh_bridge-1    | [2m2025-08-17T14:50:31.577557Z[0m [32m INFO[0m tokio-runtime-worker ThreadId(10) [2mzenoh_plugin_ros2dds[0m[2m:[0m Node /map/pointcloud_map_loader declares Publisher /map/pointcloud_map: sensor_msgs/msg/PointCloud2 - Allowed
autoware-1                 | [INFO] [launch_ros.actions.load_composable_nodes]: Loaded node '/awapi/running_modules_relay' in container '/awapi/awapi_relay_container'
visualizer_zenoh_bridge-1  | [2m2025-08-17T14:50:31.580512Z[0m [32m INFO[0m tokio-runtime-worker ThreadId(31) [2mzenoh_plugin_ros2dds[0m[2m:[0m Remote bridge e89ce47b3dcd51f5471cd3ad1b627254 announces Publisher map/pointcloud_map - Allowed
autoware-1                 | [component_container_mt-44] [INFO] [1755442231.533333507] [autoware_api.external.autoware_iv_adaptor]: Found class: rclcpp_components::NodeFactoryTemplate<external_api::CalibrationStatus>
autoware-1                 | [component_container_mt-44] [INFO] [1755442231.533385047] [autoware_api.external.autoware_iv_adaptor]: Found class: rclcpp_components::NodeFactoryTemplate<external_api::CpuUsage>
autoware-1                 | [component_container_mt-44] [INFO] [1755442231.533401342] [autoware_api.external.autoware_iv_adaptor]: Found class: rclcpp_components::NodeFactoryTemplate<external_api::Diagnostics>
autoware-1                 | [component_container_mt-44] [INFO] [1755442231.533414028] [autoware_api.external.autoware_iv_adaptor]: Found class: rclcpp_components::NodeFactoryTemplate<external_api::Door>
autoware-1                 | [component_container_mt-44] [INFO] [1755442231.533425909] [autoware_api.external.autoware_iv_adaptor]: Found class: rclcpp_components::NodeFactoryTemplate<external_api::Emergency>
autoware-1                 | [component_container_mt-44] [INFO] [1755442231.533436741] [autoware_api.external.autoware_iv_adaptor]: Found class: rclcpp_components::NodeFactoryTemplate<external_api::Engage>
autoware-1                 | [INFO] [launch_ros.actions.load_composable_nodes]: Loaded node '/adapi/node/fail_safe' in container '/adapi/container'
autoware-1                 | [component_container_mt-44] [INFO] [1755442231.533488582] [autoware_api.external.autoware_iv_adaptor]: Instantiate class: rclcpp_components::NodeFactoryTemplate<external_api::Engage>
autoware-1                 | [component_container_mt-40] [INFO] [1755442231.553615988] [control.control_check_container]: Load Library: /opt/autoware/lib/libautoware_collision_detector.so
autoware-1                 | [component_container_mt-40] [INFO] [1755442231.557365847] [control.control_check_container]: Found class: rclcpp_components::NodeFactoryTemplate<autoware::collision_detector::CollisionDetectorNode>
autoware-1                 | [INFO] [launch_ros.actions.load_composable_nodes]: Loaded node '/autoware_api/internal/velocity' in container '/autoware_api/internal/autoware_iv_adaptor'
autoware-1                 | [component_container_mt-40] [INFO] [1755442231.557445442] [control.control_check_container]: Instantiate class: rclcpp_components::NodeFactoryTemplate<autoware::collision_detector::CollisionDetectorNode>
autoware-1                 | [component_state_diagnostics-21] [WARN] [1755442231.573873435] [system.component_state_diagnostics]: New publisher discovered on topic '/api/routing/state', offering incompatible QoS. No messages will be received from it. Last incompatible policy: DURABILITY
autoware-1                 | [INFO] [launch_ros.actions.load_composable_nodes]: Loaded node '/planning/scenario_planning/glog_component' in container '/planning/scenario_planning/velocity_smoother_container'
autoware_zenoh_bridge-1    | [2m2025-08-17T14:50:31.621061Z[0m [32m INFO[0m tokio-runtime-worker ThreadId(31) [2mzenoh_plugin_ros2dds[0m[2m:[0m Node /planning/mission_planning/glog_component declares Subscriber /parameter_events: rcl_interfaces/msg/ParameterEvent - Allowed
autoware_zenoh_bridge-1    | [2m2025-08-17T14:50:31.640169Z[0m [32m INFO[0m tokio-runtime-worker ThreadId(10) [2mzenoh_plugin_ros2dds[0m[2m:[0m Node /autoware_api/internal/velocity declares Publisher /rosout: rcl_interfaces/msg/Log - Allowed
autoware_zenoh_bridge-1    | [2m2025-08-17T14:50:31.640969Z[0m [32m INFO[0m tokio-runtime-worker ThreadId(03) [2mzenoh_plugin_ros2dds[0m[2m:[0m Node /autoware_api/internal/velocity declares Publisher /parameter_events: rcl_interfaces/msg/ParameterEvent - Allowed
autoware-1                 | [INFO] [launch_ros.actions.load_composable_nodes]: Loaded node '/autoware_api/external/engage' in container '/autoware_api/external/autoware_iv_adaptor'
autoware-1                 | [component_container_mt-44] [INFO] [1755442231.651402500] [autoware_api.external.autoware_iv_adaptor]: Found class: rclcpp_components::NodeFactoryTemplate<external_api::CalibrationStatus>
autoware-1                 | [component_container_mt-44] [INFO] [1755442231.651450347] [autoware_api.external.autoware_iv_adaptor]: Found class: rclcpp_components::NodeFactoryTemplate<external_api::CpuUsage>
autoware-1                 | [component_container_mt-44] [INFO] [1755442231.651459738] [autoware_api.external.autoware_iv_adaptor]: Found class: rclcpp_components::NodeFactoryTemplate<external_api::Diagnostics>
autoware-1                 | [component_container_mt-44] [INFO] [1755442231.651467286] [autoware_api.external.autoware_iv_adaptor]: Found class: rclcpp_components::NodeFactoryTemplate<external_api::Door>
